Detected kernel version 4.18.0, which is below the recommended minimum of 5.5.0; this can cause the process to hang. It is recommended to upgrade the kernel to the minimum version or higher.
/leonardo/home/userexternal/hraj0000/miniconda3/lib/python3.12/site-packages/transformers/tokenization_utils_base.py:1601: FutureWarning: `clean_up_tokenization_spaces` was not set. It will be set to `True` by default. This behavior will be depracted in transformers v4.45, and will be then set to `False` by default. For more details check this issue: https://github.com/huggingface/transformers/issues/31884
  warnings.warn(
/leonardo/home/userexternal/hraj0000/miniconda3/lib/python3.12/site-packages/transformers/tokenization_utils_base.py:1601: FutureWarning: `clean_up_tokenization_spaces` was not set. It will be set to `True` by default. This behavior will be depracted in transformers v4.45, and will be then set to `False` by default. For more details check this issue: https://github.com/huggingface/transformers/issues/31884
  warnings.warn(
loading configuration file cache
loading weights file https://cdn.huggingface.co/unc-nlp/frcnn-vg-finetuned/pytorch_model.bin from cache at /leonardo_scratch/fast/EUHPC_E03_068/.cache/57f6df6abe353be2773f2700159c65615babf39ab5b48114d2b49267672ae10f.77b59256a4cf8343ae0f923246a81489fc8d82f98d082edc2d2037c977c0d9d0
All model checkpoint weights were used when initializing GeneralizedRCNN.

All the weights of GeneralizedRCNN were initialized from the model checkpoint at unc-nlp/frcnn-vg-finetuned.
If your task is similar to the task the model of the checkpoint was trained on, you can already use GeneralizedRCNN for predictions without further training.
Loading checkpoint shards:   0%|          | 0/2 [00:00<?, ?it/s]Loading checkpoint shards:  50%|█████     | 1/2 [00:10<00:10, 10.66s/it]Loading checkpoint shards: 100%|██████████| 2/2 [00:15<00:00,  7.51s/it]Loading checkpoint shards: 100%|██████████| 2/2 [00:15<00:00,  7.99s/it]
Traceback (most recent call last):
  File "<frozen runpy>", line 198, in _run_module_as_main
  File "<frozen runpy>", line 88, in _run_code
  File "/leonardo_work/EUHPC_E03_068/safellm/src/purpleteam/create_caption_from_image.py", line 198, in <module>
    main()
  File "/leonardo_work/EUHPC_E03_068/safellm/src/purpleteam/create_caption_from_image.py", line 181, in main
    tmp = generate_captions(images)
          ^^^^^^^^^^^^^^^^^^^^^^^^^
  File "/leonardo_work/EUHPC_E03_068/safellm/src/purpleteam/create_caption_from_image.py", line 73, in generate_captions
    generated_ids = fluo_model.generate(
                    ^^^^^^^^^^^^^^^^^^^^
  File "/leonardo/home/userexternal/hraj0000/.cache/huggingface/modules/transformers_modules/multimodalart/Florence-2-large-no-flash-attn/8db3793cf5b453b2ccfb3a4f613b403b2e6b7ca2/modeling_florence2.py", line 2803, in generate
    image_features = self._encode_image(pixel_values)
                     ^^^^^^^^^^^^^^^^^^^^^^^^^^^^^^^^
  File "/leonardo/home/userexternal/hraj0000/.cache/huggingface/modules/transformers_modules/multimodalart/Florence-2-large-no-flash-attn/8db3793cf5b453b2ccfb3a4f613b403b2e6b7ca2/modeling_florence2.py", line 2613, in _encode_image
    x = self.vision_tower.forward_features_unpool(pixel_values)
        ^^^^^^^^^^^^^^^^^^^^^^^^^^^^^^^^^^^^^^^^^^^^^^^^^^^^^^^
  File "/leonardo/home/userexternal/hraj0000/.cache/huggingface/modules/transformers_modules/multimodalart/Florence-2-large-no-flash-attn/8db3793cf5b453b2ccfb3a4f613b403b2e6b7ca2/modeling_florence2.py", line 687, in forward_features_unpool
    x, input_size = block(x, input_size)
                    ^^^^^^^^^^^^^^^^^^^^
  File "/leonardo/home/userexternal/hraj0000/miniconda3/lib/python3.12/site-packages/torch/nn/modules/module.py", line 1532, in _wrapped_call_impl
    return self._call_impl(*args, **kwargs)
           ^^^^^^^^^^^^^^^^^^^^^^^^^^^^^^^^
  File "/leonardo/home/userexternal/hraj0000/miniconda3/lib/python3.12/site-packages/torch/nn/modules/module.py", line 1541, in _call_impl
    return forward_call(*args, **kwargs)
           ^^^^^^^^^^^^^^^^^^^^^^^^^^^^^
  File "/leonardo/home/userexternal/hraj0000/.cache/huggingface/modules/transformers_modules/multimodalart/Florence-2-large-no-flash-attn/8db3793cf5b453b2ccfb3a4f613b403b2e6b7ca2/modeling_florence2.py", line 246, in forward
    inputs = module(*inputs)
             ^^^^^^^^^^^^^^^
  File "/leonardo/home/userexternal/hraj0000/miniconda3/lib/python3.12/site-packages/torch/nn/modules/module.py", line 1532, in _wrapped_call_impl
    return self._call_impl(*args, **kwargs)
           ^^^^^^^^^^^^^^^^^^^^^^^^^^^^^^^^
  File "/leonardo/home/userexternal/hraj0000/miniconda3/lib/python3.12/site-packages/torch/nn/modules/module.py", line 1541, in _call_impl
    return forward_call(*args, **kwargs)
           ^^^^^^^^^^^^^^^^^^^^^^^^^^^^^
  File "/leonardo/home/userexternal/hraj0000/.cache/huggingface/modules/transformers_modules/multimodalart/Florence-2-large-no-flash-attn/8db3793cf5b453b2ccfb3a4f613b403b2e6b7ca2/modeling_florence2.py", line 246, in forward
    inputs = module(*inputs)
             ^^^^^^^^^^^^^^^
  File "/leonardo/home/userexternal/hraj0000/miniconda3/lib/python3.12/site-packages/torch/nn/modules/module.py", line 1532, in _wrapped_call_impl
    return self._call_impl(*args, **kwargs)
           ^^^^^^^^^^^^^^^^^^^^^^^^^^^^^^^^
  File "/leonardo/home/userexternal/hraj0000/miniconda3/lib/python3.12/site-packages/torch/nn/modules/module.py", line 1541, in _call_impl
    return forward_call(*args, **kwargs)
           ^^^^^^^^^^^^^^^^^^^^^^^^^^^^^
  File "/leonardo/home/userexternal/hraj0000/.cache/huggingface/modules/transformers_modules/multimodalart/Florence-2-large-no-flash-attn/8db3793cf5b453b2ccfb3a4f613b403b2e6b7ca2/modeling_florence2.py", line 422, in forward
    x, size = self.conv1(x, size)
              ^^^^^^^^^^^^^^^^^^^
  File "/leonardo/home/userexternal/hraj0000/miniconda3/lib/python3.12/site-packages/torch/nn/modules/module.py", line 1532, in _wrapped_call_impl
    return self._call_impl(*args, **kwargs)
           ^^^^^^^^^^^^^^^^^^^^^^^^^^^^^^^^
  File "/leonardo/home/userexternal/hraj0000/miniconda3/lib/python3.12/site-packages/torch/nn/modules/module.py", line 1541, in _call_impl
    return forward_call(*args, **kwargs)
           ^^^^^^^^^^^^^^^^^^^^^^^^^^^^^
  File "/leonardo/home/userexternal/hraj0000/.cache/huggingface/modules/transformers_modules/multimodalart/Florence-2-large-no-flash-attn/8db3793cf5b453b2ccfb3a4f613b403b2e6b7ca2/modeling_florence2.py", line 269, in forward
    x = shortcut + x
        ~~~~~~~~~^~~
torch.cuda.OutOfMemoryError: CUDA out of memory. Tried to allocate 108.00 MiB. GPU 
srun: error: lrdn2354: task 0: Exited with exit code 1
