Detected kernel version 4.18.0, which is below the recommended minimum of 5.5.0; this can cause the process to hang. It is recommended to upgrade the kernel to the minimum version or higher.
/leonardo/home/userexternal/hraj0000/miniconda3/lib/python3.12/site-packages/transformers/tokenization_utils_base.py:1601: FutureWarning: `clean_up_tokenization_spaces` was not set. It will be set to `True` by default. This behavior will be depracted in transformers v4.45, and will be then set to `False` by default. For more details check this issue: https://github.com/huggingface/transformers/issues/31884
  warnings.warn(
loading configuration file cache
loading weights file https://cdn.huggingface.co/unc-nlp/frcnn-vg-finetuned/pytorch_model.bin from cache at /leonardo_scratch/fast/EUHPC_E03_068/.cache/57f6df6abe353be2773f2700159c65615babf39ab5b48114d2b49267672ae10f.77b59256a4cf8343ae0f923246a81489fc8d82f98d082edc2d2037c977c0d9d0
All model checkpoint weights were used when initializing GeneralizedRCNN.

All the weights of GeneralizedRCNN were initialized from the model checkpoint at unc-nlp/frcnn-vg-finetuned.
If your task is similar to the task the model of the checkpoint was trained on, you can already use GeneralizedRCNN for predictions without further training.
Loading checkpoint shards:   0%|          | 0/2 [00:00<?, ?it/s]Loading checkpoint shards:  50%|█████     | 1/2 [00:11<00:11, 11.46s/it]Loading checkpoint shards: 100%|██████████| 2/2 [00:16<00:00,  7.87s/it]Loading checkpoint shards: 100%|██████████| 2/2 [00:16<00:00,  8.41s/it]
Asking to truncate to max_length but no maximum length is provided and the model has no predefined maximum length. Default to no truncation.
Setting `pad_token_id` to `eos_token_id`:32000 for open-end generation.
Setting `pad_token_id` to `eos_token_id`:32000 for open-end generation.
Setting `pad_token_id` to `eos_token_id`:32000 for open-end generation.
Setting `pad_token_id` to `eos_token_id`:32000 for open-end generation.
Setting `pad_token_id` to `eos_token_id`:32000 for open-end generation.
Setting `pad_token_id` to `eos_token_id`:32000 for open-end generation.
Setting `pad_token_id` to `eos_token_id`:32000 for open-end generation.
Setting `pad_token_id` to `eos_token_id`:32000 for open-end generation.
Setting `pad_token_id` to `eos_token_id`:32000 for open-end generation.
Setting `pad_token_id` to `eos_token_id`:32000 for open-end generation.
Setting `pad_token_id` to `eos_token_id`:32000 for open-end generation.
Setting `pad_token_id` to `eos_token_id`:32000 for open-end generation.
Setting `pad_token_id` to `eos_token_id`:32000 for open-end generation.
Setting `pad_token_id` to `eos_token_id`:32000 for open-end generation.
Setting `pad_token_id` to `eos_token_id`:32000 for open-end generation.
Setting `pad_token_id` to `eos_token_id`:32000 for open-end generation.
Setting `pad_token_id` to `eos_token_id`:32000 for open-end generation.
Setting `pad_token_id` to `eos_token_id`:32000 for open-end generation.
Setting `pad_token_id` to `eos_token_id`:32000 for open-end generation.
Setting `pad_token_id` to `eos_token_id`:32000 for open-end generation.
Setting `pad_token_id` to `eos_token_id`:32000 for open-end generation.
Setting `pad_token_id` to `eos_token_id`:32000 for open-end generation.
Setting `pad_token_id` to `eos_token_id`:32000 for open-end generation.
Setting `pad_token_id` to `eos_token_id`:32000 for open-end generation.
Setting `pad_token_id` to `eos_token_id`:32000 for open-end generation.
Setting `pad_token_id` to `eos_token_id`:32000 for open-end generation.
Setting `pad_token_id` to `eos_token_id`:32000 for open-end generation.
Setting `pad_token_id` to `eos_token_id`:32000 for open-end generation.
Setting `pad_token_id` to `eos_token_id`:32000 for open-end generation.
Setting `pad_token_id` to `eos_token_id`:32000 for open-end generation.
Setting `pad_token_id` to `eos_token_id`:32000 for open-end generation.
Setting `pad_token_id` to `eos_token_id`:32000 for open-end generation.
Setting `pad_token_id` to `eos_token_id`:32000 for open-end generation.
Setting `pad_token_id` to `eos_token_id`:32000 for open-end generation.
Setting `pad_token_id` to `eos_token_id`:32000 for open-end generation.
Setting `pad_token_id` to `eos_token_id`:32000 for open-end generation.
Setting `pad_token_id` to `eos_token_id`:32000 for open-end generation.
Setting `pad_token_id` to `eos_token_id`:32000 for open-end generation.
Setting `pad_token_id` to `eos_token_id`:32000 for open-end generation.
Setting `pad_token_id` to `eos_token_id`:32000 for open-end generation.
Setting `pad_token_id` to `eos_token_id`:32000 for open-end generation.
Setting `pad_token_id` to `eos_token_id`:32000 for open-end generation.
Setting `pad_token_id` to `eos_token_id`:32000 for open-end generation.
Setting `pad_token_id` to `eos_token_id`:32000 for open-end generation.
Setting `pad_token_id` to `eos_token_id`:32000 for open-end generation.
Setting `pad_token_id` to `eos_token_id`:32000 for open-end generation.
Setting `pad_token_id` to `eos_token_id`:32000 for open-end generation.
Setting `pad_token_id` to `eos_token_id`:32000 for open-end generation.
Setting `pad_token_id` to `eos_token_id`:32000 for open-end generation.
Setting `pad_token_id` to `eos_token_id`:32000 for open-end generation.
Setting `pad_token_id` to `eos_token_id`:32000 for open-end generation.
Setting `pad_token_id` to `eos_token_id`:32000 for open-end generation.
Setting `pad_token_id` to `eos_token_id`:32000 for open-end generation.
Setting `pad_token_id` to `eos_token_id`:32000 for open-end generation.
Setting `pad_token_id` to `eos_token_id`:32000 for open-end generation.
Setting `pad_token_id` to `eos_token_id`:32000 for open-end generation.
Setting `pad_token_id` to `eos_token_id`:32000 for open-end generation.
Setting `pad_token_id` to `eos_token_id`:32000 for open-end generation.
Setting `pad_token_id` to `eos_token_id`:32000 for open-end generation.
Setting `pad_token_id` to `eos_token_id`:32000 for open-end generation.
Setting `pad_token_id` to `eos_token_id`:32000 for open-end generation.
Setting `pad_token_id` to `eos_token_id`:32000 for open-end generation.
Setting `pad_token_id` to `eos_token_id`:32000 for open-end generation.
Setting `pad_token_id` to `eos_token_id`:32000 for open-end generation.
Setting `pad_token_id` to `eos_token_id`:32000 for open-end generation.
Setting `pad_token_id` to `eos_token_id`:32000 for open-end generation.
Setting `pad_token_id` to `eos_token_id`:32000 for open-end generation.
Setting `pad_token_id` to `eos_token_id`:32000 for open-end generation.
Setting `pad_token_id` to `eos_token_id`:32000 for open-end generation.
Setting `pad_token_id` to `eos_token_id`:32000 for open-end generation.
Setting `pad_token_id` to `eos_token_id`:32000 for open-end generation.
Setting `pad_token_id` to `eos_token_id`:32000 for open-end generation.
Setting `pad_token_id` to `eos_token_id`:32000 for open-end generation.
Setting `pad_token_id` to `eos_token_id`:32000 for open-end generation.
Setting `pad_token_id` to `eos_token_id`:32000 for open-end generation.
Setting `pad_token_id` to `eos_token_id`:32000 for open-end generation.
Setting `pad_token_id` to `eos_token_id`:32000 for open-end generation.
Setting `pad_token_id` to `eos_token_id`:32000 for open-end generation.
Setting `pad_token_id` to `eos_token_id`:32000 for open-end generation.
Setting `pad_token_id` to `eos_token_id`:32000 for open-end generation.
Setting `pad_token_id` to `eos_token_id`:32000 for open-end generation.
Setting `pad_token_id` to `eos_token_id`:32000 for open-end generation.
Setting `pad_token_id` to `eos_token_id`:32000 for open-end generation.
Setting `pad_token_id` to `eos_token_id`:32000 for open-end generation.
Setting `pad_token_id` to `eos_token_id`:32000 for open-end generation.
Setting `pad_token_id` to `eos_token_id`:32000 for open-end generation.
Setting `pad_token_id` to `eos_token_id`:32000 for open-end generation.
Setting `pad_token_id` to `eos_token_id`:32000 for open-end generation.
Setting `pad_token_id` to `eos_token_id`:32000 for open-end generation.
Setting `pad_token_id` to `eos_token_id`:32000 for open-end generation.
Setting `pad_token_id` to `eos_token_id`:32000 for open-end generation.
Setting `pad_token_id` to `eos_token_id`:32000 for open-end generation.
Setting `pad_token_id` to `eos_token_id`:32000 for open-end generation.
Setting `pad_token_id` to `eos_token_id`:32000 for open-end generation.
Setting `pad_token_id` to `eos_token_id`:32000 for open-end generation.
Setting `pad_token_id` to `eos_token_id`:32000 for open-end generation.
Setting `pad_token_id` to `eos_token_id`:32000 for open-end generation.
Setting `pad_token_id` to `eos_token_id`:32000 for open-end generation.
Setting `pad_token_id` to `eos_token_id`:32000 for open-end generation.
Setting `pad_token_id` to `eos_token_id`:32000 for open-end generation.
Setting `pad_token_id` to `eos_token_id`:32000 for open-end generation.
Setting `pad_token_id` to `eos_token_id`:32000 for open-end generation.
Setting `pad_token_id` to `eos_token_id`:32000 for open-end generation.
Setting `pad_token_id` to `eos_token_id`:32000 for open-end generation.
Setting `pad_token_id` to `eos_token_id`:32000 for open-end generation.
Setting `pad_token_id` to `eos_token_id`:32000 for open-end generation.
Setting `pad_token_id` to `eos_token_id`:32000 for open-end generation.
Setting `pad_token_id` to `eos_token_id`:32000 for open-end generation.
Setting `pad_token_id` to `eos_token_id`:32000 for open-end generation.
Setting `pad_token_id` to `eos_token_id`:32000 for open-end generation.
Setting `pad_token_id` to `eos_token_id`:32000 for open-end generation.
Setting `pad_token_id` to `eos_token_id`:32000 for open-end generation.
Setting `pad_token_id` to `eos_token_id`:32000 for open-end generation.
Setting `pad_token_id` to `eos_token_id`:32000 for open-end generation.
Setting `pad_token_id` to `eos_token_id`:32000 for open-end generation.
Setting `pad_token_id` to `eos_token_id`:32000 for open-end generation.
Setting `pad_token_id` to `eos_token_id`:32000 for open-end generation.
Setting `pad_token_id` to `eos_token_id`:32000 for open-end generation.
Setting `pad_token_id` to `eos_token_id`:32000 for open-end generation.
Setting `pad_token_id` to `eos_token_id`:32000 for open-end generation.
Setting `pad_token_id` to `eos_token_id`:32000 for open-end generation.
Setting `pad_token_id` to `eos_token_id`:32000 for open-end generation.
Setting `pad_token_id` to `eos_token_id`:32000 for open-end generation.
Setting `pad_token_id` to `eos_token_id`:32000 for open-end generation.
Setting `pad_token_id` to `eos_token_id`:32000 for open-end generation.
Setting `pad_token_id` to `eos_token_id`:32000 for open-end generation.
Setting `pad_token_id` to `eos_token_id`:32000 for open-end generation.
Setting `pad_token_id` to `eos_token_id`:32000 for open-end generation.
Setting `pad_token_id` to `eos_token_id`:32000 for open-end generation.
Setting `pad_token_id` to `eos_token_id`:32000 for open-end generation.
Setting `pad_token_id` to `eos_token_id`:32000 for open-end generation.
Setting `pad_token_id` to `eos_token_id`:32000 for open-end generation.
Setting `pad_token_id` to `eos_token_id`:32000 for open-end generation.
Setting `pad_token_id` to `eos_token_id`:32000 for open-end generation.
Setting `pad_token_id` to `eos_token_id`:32000 for open-end generation.
Setting `pad_token_id` to `eos_token_id`:32000 for open-end generation.
Setting `pad_token_id` to `eos_token_id`:32000 for open-end generation.
Setting `pad_token_id` to `eos_token_id`:32000 for open-end generation.
Setting `pad_token_id` to `eos_token_id`:32000 for open-end generation.
Setting `pad_token_id` to `eos_token_id`:32000 for open-end generation.
Setting `pad_token_id` to `eos_token_id`:32000 for open-end generation.
Setting `pad_token_id` to `eos_token_id`:32000 for open-end generation.
Setting `pad_token_id` to `eos_token_id`:32000 for open-end generation.
Setting `pad_token_id` to `eos_token_id`:32000 for open-end generation.
Setting `pad_token_id` to `eos_token_id`:32000 for open-end generation.
Setting `pad_token_id` to `eos_token_id`:32000 for open-end generation.
Setting `pad_token_id` to `eos_token_id`:32000 for open-end generation.
Setting `pad_token_id` to `eos_token_id`:32000 for open-end generation.
Setting `pad_token_id` to `eos_token_id`:32000 for open-end generation.
Setting `pad_token_id` to `eos_token_id`:32000 for open-end generation.
Setting `pad_token_id` to `eos_token_id`:32000 for open-end generation.
Setting `pad_token_id` to `eos_token_id`:32000 for open-end generation.
Setting `pad_token_id` to `eos_token_id`:32000 for open-end generation.
Setting `pad_token_id` to `eos_token_id`:32000 for open-end generation.
Setting `pad_token_id` to `eos_token_id`:32000 for open-end generation.
Setting `pad_token_id` to `eos_token_id`:32000 for open-end generation.
Setting `pad_token_id` to `eos_token_id`:32000 for open-end generation.
Setting `pad_token_id` to `eos_token_id`:32000 for open-end generation.
Setting `pad_token_id` to `eos_token_id`:32000 for open-end generation.
Setting `pad_token_id` to `eos_token_id`:32000 for open-end generation.
Setting `pad_token_id` to `eos_token_id`:32000 for open-end generation.
Setting `pad_token_id` to `eos_token_id`:32000 for open-end generation.
Setting `pad_token_id` to `eos_token_id`:32000 for open-end generation.
Setting `pad_token_id` to `eos_token_id`:32000 for open-end generation.
Setting `pad_token_id` to `eos_token_id`:32000 for open-end generation.
Setting `pad_token_id` to `eos_token_id`:32000 for open-end generation.
Setting `pad_token_id` to `eos_token_id`:32000 for open-end generation.
Setting `pad_token_id` to `eos_token_id`:32000 for open-end generation.
Setting `pad_token_id` to `eos_token_id`:32000 for open-end generation.
Setting `pad_token_id` to `eos_token_id`:32000 for open-end generation.
Setting `pad_token_id` to `eos_token_id`:32000 for open-end generation.
Setting `pad_token_id` to `eos_token_id`:32000 for open-end generation.
Setting `pad_token_id` to `eos_token_id`:32000 for open-end generation.
Setting `pad_token_id` to `eos_token_id`:32000 for open-end generation.
Setting `pad_token_id` to `eos_token_id`:32000 for open-end generation.
Setting `pad_token_id` to `eos_token_id`:32000 for open-end generation.
Setting `pad_token_id` to `eos_token_id`:32000 for open-end generation.
Setting `pad_token_id` to `eos_token_id`:32000 for open-end generation.
Setting `pad_token_id` to `eos_token_id`:32000 for open-end generation.
Setting `pad_token_id` to `eos_token_id`:32000 for open-end generation.
Setting `pad_token_id` to `eos_token_id`:32000 for open-end generation.
Setting `pad_token_id` to `eos_token_id`:32000 for open-end generation.
Setting `pad_token_id` to `eos_token_id`:32000 for open-end generation.
Setting `pad_token_id` to `eos_token_id`:32000 for open-end generation.
Setting `pad_token_id` to `eos_token_id`:32000 for open-end generation.
Setting `pad_token_id` to `eos_token_id`:32000 for open-end generation.
Setting `pad_token_id` to `eos_token_id`:32000 for open-end generation.
Setting `pad_token_id` to `eos_token_id`:32000 for open-end generation.
Setting `pad_token_id` to `eos_token_id`:32000 for open-end generation.
Setting `pad_token_id` to `eos_token_id`:32000 for open-end generation.
Setting `pad_token_id` to `eos_token_id`:32000 for open-end generation.
Setting `pad_token_id` to `eos_token_id`:32000 for open-end generation.
Setting `pad_token_id` to `eos_token_id`:32000 for open-end generation.
Setting `pad_token_id` to `eos_token_id`:32000 for open-end generation.
Setting `pad_token_id` to `eos_token_id`:32000 for open-end generation.
Setting `pad_token_id` to `eos_token_id`:32000 for open-end generation.
Setting `pad_token_id` to `eos_token_id`:32000 for open-end generation.
Setting `pad_token_id` to `eos_token_id`:32000 for open-end generation.
Setting `pad_token_id` to `eos_token_id`:32000 for open-end generation.
Setting `pad_token_id` to `eos_token_id`:32000 for open-end generation.
Setting `pad_token_id` to `eos_token_id`:32000 for open-end generation.
Setting `pad_token_id` to `eos_token_id`:32000 for open-end generation.
Setting `pad_token_id` to `eos_token_id`:32000 for open-end generation.
Setting `pad_token_id` to `eos_token_id`:32000 for open-end generation.
Setting `pad_token_id` to `eos_token_id`:32000 for open-end generation.
Setting `pad_token_id` to `eos_token_id`:32000 for open-end generation.
Setting `pad_token_id` to `eos_token_id`:32000 for open-end generation.
Setting `pad_token_id` to `eos_token_id`:32000 for open-end generation.
Setting `pad_token_id` to `eos_token_id`:32000 for open-end generation.
Setting `pad_token_id` to `eos_token_id`:32000 for open-end generation.
Setting `pad_token_id` to `eos_token_id`:32000 for open-end generation.
Setting `pad_token_id` to `eos_token_id`:32000 for open-end generation.
Setting `pad_token_id` to `eos_token_id`:32000 for open-end generation.
Setting `pad_token_id` to `eos_token_id`:32000 for open-end generation.
Setting `pad_token_id` to `eos_token_id`:32000 for open-end generation.
Setting `pad_token_id` to `eos_token_id`:32000 for open-end generation.
Setting `pad_token_id` to `eos_token_id`:32000 for open-end generation.
Setting `pad_token_id` to `eos_token_id`:32000 for open-end generation.
Setting `pad_token_id` to `eos_token_id`:32000 for open-end generation.
Setting `pad_token_id` to `eos_token_id`:32000 for open-end generation.
Setting `pad_token_id` to `eos_token_id`:32000 for open-end generation.
Setting `pad_token_id` to `eos_token_id`:32000 for open-end generation.
Setting `pad_token_id` to `eos_token_id`:32000 for open-end generation.
Setting `pad_token_id` to `eos_token_id`:32000 for open-end generation.
Setting `pad_token_id` to `eos_token_id`:32000 for open-end generation.
Setting `pad_token_id` to `eos_token_id`:32000 for open-end generation.
Setting `pad_token_id` to `eos_token_id`:32000 for open-end generation.
Setting `pad_token_id` to `eos_token_id`:32000 for open-end generation.
Setting `pad_token_id` to `eos_token_id`:32000 for open-end generation.
Setting `pad_token_id` to `eos_token_id`:32000 for open-end generation.
Setting `pad_token_id` to `eos_token_id`:32000 for open-end generation.
Setting `pad_token_id` to `eos_token_id`:32000 for open-end generation.
Setting `pad_token_id` to `eos_token_id`:32000 for open-end generation.
Setting `pad_token_id` to `eos_token_id`:32000 for open-end generation.
Setting `pad_token_id` to `eos_token_id`:32000 for open-end generation.
Setting `pad_token_id` to `eos_token_id`:32000 for open-end generation.
Setting `pad_token_id` to `eos_token_id`:32000 for open-end generation.
Setting `pad_token_id` to `eos_token_id`:32000 for open-end generation.
Setting `pad_token_id` to `eos_token_id`:32000 for open-end generation.
Setting `pad_token_id` to `eos_token_id`:32000 for open-end generation.
Setting `pad_token_id` to `eos_token_id`:32000 for open-end generation.
Setting `pad_token_id` to `eos_token_id`:32000 for open-end generation.
Setting `pad_token_id` to `eos_token_id`:32000 for open-end generation.
Setting `pad_token_id` to `eos_token_id`:32000 for open-end generation.
Setting `pad_token_id` to `eos_token_id`:32000 for open-end generation.
Setting `pad_token_id` to `eos_token_id`:32000 for open-end generation.
Setting `pad_token_id` to `eos_token_id`:32000 for open-end generation.
Setting `pad_token_id` to `eos_token_id`:32000 for open-end generation.
Setting `pad_token_id` to `eos_token_id`:32000 for open-end generation.
Setting `pad_token_id` to `eos_token_id`:32000 for open-end generation.
Setting `pad_token_id` to `eos_token_id`:32000 for open-end generation.
Setting `pad_token_id` to `eos_token_id`:32000 for open-end generation.
Setting `pad_token_id` to `eos_token_id`:32000 for open-end generation.
Setting `pad_token_id` to `eos_token_id`:32000 for open-end generation.
Setting `pad_token_id` to `eos_token_id`:32000 for open-end generation.
Setting `pad_token_id` to `eos_token_id`:32000 for open-end generation.
Setting `pad_token_id` to `eos_token_id`:32000 for open-end generation.
Setting `pad_token_id` to `eos_token_id`:32000 for open-end generation.
Setting `pad_token_id` to `eos_token_id`:32000 for open-end generation.
Setting `pad_token_id` to `eos_token_id`:32000 for open-end generation.
Setting `pad_token_id` to `eos_token_id`:32000 for open-end generation.
Setting `pad_token_id` to `eos_token_id`:32000 for open-end generation.
Setting `pad_token_id` to `eos_token_id`:32000 for open-end generation.
Setting `pad_token_id` to `eos_token_id`:32000 for open-end generation.
Setting `pad_token_id` to `eos_token_id`:32000 for open-end generation.
Setting `pad_token_id` to `eos_token_id`:32000 for open-end generation.
Setting `pad_token_id` to `eos_token_id`:32000 for open-end generation.
Setting `pad_token_id` to `eos_token_id`:32000 for open-end generation.
Setting `pad_token_id` to `eos_token_id`:32000 for open-end generation.
Setting `pad_token_id` to `eos_token_id`:32000 for open-end generation.
Setting `pad_token_id` to `eos_token_id`:32000 for open-end generation.
Setting `pad_token_id` to `eos_token_id`:32000 for open-end generation.
Setting `pad_token_id` to `eos_token_id`:32000 for open-end generation.
Setting `pad_token_id` to `eos_token_id`:32000 for open-end generation.
Setting `pad_token_id` to `eos_token_id`:32000 for open-end generation.
Setting `pad_token_id` to `eos_token_id`:32000 for open-end generation.
Setting `pad_token_id` to `eos_token_id`:32000 for open-end generation.
Setting `pad_token_id` to `eos_token_id`:32000 for open-end generation.
Setting `pad_token_id` to `eos_token_id`:32000 for open-end generation.
Setting `pad_token_id` to `eos_token_id`:32000 for open-end generation.
Setting `pad_token_id` to `eos_token_id`:32000 for open-end generation.
Setting `pad_token_id` to `eos_token_id`:32000 for open-end generation.
Setting `pad_token_id` to `eos_token_id`:32000 for open-end generation.
Setting `pad_token_id` to `eos_token_id`:32000 for open-end generation.
Setting `pad_token_id` to `eos_token_id`:32000 for open-end generation.
Setting `pad_token_id` to `eos_token_id`:32000 for open-end generation.
Setting `pad_token_id` to `eos_token_id`:32000 for open-end generation.
Setting `pad_token_id` to `eos_token_id`:32000 for open-end generation.
Setting `pad_token_id` to `eos_token_id`:32000 for open-end generation.
Setting `pad_token_id` to `eos_token_id`:32000 for open-end generation.
Setting `pad_token_id` to `eos_token_id`:32000 for open-end generation.
Setting `pad_token_id` to `eos_token_id`:32000 for open-end generation.
Setting `pad_token_id` to `eos_token_id`:32000 for open-end generation.
Setting `pad_token_id` to `eos_token_id`:32000 for open-end generation.
Setting `pad_token_id` to `eos_token_id`:32000 for open-end generation.
Setting `pad_token_id` to `eos_token_id`:32000 for open-end generation.
Setting `pad_token_id` to `eos_token_id`:32000 for open-end generation.
Setting `pad_token_id` to `eos_token_id`:32000 for open-end generation.
Setting `pad_token_id` to `eos_token_id`:32000 for open-end generation.
Setting `pad_token_id` to `eos_token_id`:32000 for open-end generation.
Setting `pad_token_id` to `eos_token_id`:32000 for open-end generation.
Setting `pad_token_id` to `eos_token_id`:32000 for open-end generation.
Setting `pad_token_id` to `eos_token_id`:32000 for open-end generation.
Setting `pad_token_id` to `eos_token_id`:32000 for open-end generation.
Setting `pad_token_id` to `eos_token_id`:32000 for open-end generation.
Setting `pad_token_id` to `eos_token_id`:32000 for open-end generation.
Setting `pad_token_id` to `eos_token_id`:32000 for open-end generation.
Setting `pad_token_id` to `eos_token_id`:32000 for open-end generation.
Setting `pad_token_id` to `eos_token_id`:32000 for open-end generation.
Setting `pad_token_id` to `eos_token_id`:32000 for open-end generation.
Setting `pad_token_id` to `eos_token_id`:32000 for open-end generation.
Setting `pad_token_id` to `eos_token_id`:32000 for open-end generation.
Setting `pad_token_id` to `eos_token_id`:32000 for open-end generation.
Setting `pad_token_id` to `eos_token_id`:32000 for open-end generation.
Setting `pad_token_id` to `eos_token_id`:32000 for open-end generation.
Setting `pad_token_id` to `eos_token_id`:32000 for open-end generation.
Setting `pad_token_id` to `eos_token_id`:32000 for open-end generation.
Setting `pad_token_id` to `eos_token_id`:32000 for open-end generation.
Setting `pad_token_id` to `eos_token_id`:32000 for open-end generation.
Setting `pad_token_id` to `eos_token_id`:32000 for open-end generation.
Setting `pad_token_id` to `eos_token_id`:32000 for open-end generation.
Setting `pad_token_id` to `eos_token_id`:32000 for open-end generation.
Setting `pad_token_id` to `eos_token_id`:32000 for open-end generation.
Setting `pad_token_id` to `eos_token_id`:32000 for open-end generation.
Setting `pad_token_id` to `eos_token_id`:32000 for open-end generation.
Setting `pad_token_id` to `eos_token_id`:32000 for open-end generation.
Setting `pad_token_id` to `eos_token_id`:32000 for open-end generation.
Setting `pad_token_id` to `eos_token_id`:32000 for open-end generation.
Setting `pad_token_id` to `eos_token_id`:32000 for open-end generation.
Setting `pad_token_id` to `eos_token_id`:32000 for open-end generation.
Setting `pad_token_id` to `eos_token_id`:32000 for open-end generation.
Setting `pad_token_id` to `eos_token_id`:32000 for open-end generation.
Setting `pad_token_id` to `eos_token_id`:32000 for open-end generation.
Setting `pad_token_id` to `eos_token_id`:32000 for open-end generation.
Setting `pad_token_id` to `eos_token_id`:32000 for open-end generation.
Setting `pad_token_id` to `eos_token_id`:32000 for open-end generation.
Setting `pad_token_id` to `eos_token_id`:32000 for open-end generation.
Setting `pad_token_id` to `eos_token_id`:32000 for open-end generation.
Setting `pad_token_id` to `eos_token_id`:32000 for open-end generation.
Setting `pad_token_id` to `eos_token_id`:32000 for open-end generation.
Setting `pad_token_id` to `eos_token_id`:32000 for open-end generation.
Setting `pad_token_id` to `eos_token_id`:32000 for open-end generation.
Setting `pad_token_id` to `eos_token_id`:32000 for open-end generation.
Setting `pad_token_id` to `eos_token_id`:32000 for open-end generation.
Setting `pad_token_id` to `eos_token_id`:32000 for open-end generation.
Setting `pad_token_id` to `eos_token_id`:32000 for open-end generation.
Setting `pad_token_id` to `eos_token_id`:32000 for open-end generation.
Setting `pad_token_id` to `eos_token_id`:32000 for open-end generation.
Setting `pad_token_id` to `eos_token_id`:32000 for open-end generation.
Setting `pad_token_id` to `eos_token_id`:32000 for open-end generation.
Setting `pad_token_id` to `eos_token_id`:32000 for open-end generation.
Setting `pad_token_id` to `eos_token_id`:32000 for open-end generation.
Setting `pad_token_id` to `eos_token_id`:32000 for open-end generation.
Setting `pad_token_id` to `eos_token_id`:32000 for open-end generation.
Setting `pad_token_id` to `eos_token_id`:32000 for open-end generation.
Setting `pad_token_id` to `eos_token_id`:32000 for open-end generation.
Setting `pad_token_id` to `eos_token_id`:32000 for open-end generation.
Setting `pad_token_id` to `eos_token_id`:32000 for open-end generation.
Setting `pad_token_id` to `eos_token_id`:32000 for open-end generation.
Setting `pad_token_id` to `eos_token_id`:32000 for open-end generation.
Setting `pad_token_id` to `eos_token_id`:32000 for open-end generation.
Setting `pad_token_id` to `eos_token_id`:32000 for open-end generation.
Setting `pad_token_id` to `eos_token_id`:32000 for open-end generation.
Setting `pad_token_id` to `eos_token_id`:32000 for open-end generation.
Setting `pad_token_id` to `eos_token_id`:32000 for open-end generation.
Setting `pad_token_id` to `eos_token_id`:32000 for open-end generation.
Setting `pad_token_id` to `eos_token_id`:32000 for open-end generation.
Setting `pad_token_id` to `eos_token_id`:32000 for open-end generation.
Setting `pad_token_id` to `eos_token_id`:32000 for open-end generation.
Setting `pad_token_id` to `eos_token_id`:32000 for open-end generation.
Setting `pad_token_id` to `eos_token_id`:32000 for open-end generation.
Setting `pad_token_id` to `eos_token_id`:32000 for open-end generation.
Setting `pad_token_id` to `eos_token_id`:32000 for open-end generation.
Setting `pad_token_id` to `eos_token_id`:32000 for open-end generation.
Setting `pad_token_id` to `eos_token_id`:32000 for open-end generation.
Setting `pad_token_id` to `eos_token_id`:32000 for open-end generation.
Setting `pad_token_id` to `eos_token_id`:32000 for open-end generation.
Setting `pad_token_id` to `eos_token_id`:32000 for open-end generation.
Setting `pad_token_id` to `eos_token_id`:32000 for open-end generation.
Setting `pad_token_id` to `eos_token_id`:32000 for open-end generation.
Setting `pad_token_id` to `eos_token_id`:32000 for open-end generation.
Setting `pad_token_id` to `eos_token_id`:32000 for open-end generation.
Setting `pad_token_id` to `eos_token_id`:32000 for open-end generation.
Setting `pad_token_id` to `eos_token_id`:32000 for open-end generation.
Setting `pad_token_id` to `eos_token_id`:32000 for open-end generation.
Setting `pad_token_id` to `eos_token_id`:32000 for open-end generation.
Setting `pad_token_id` to `eos_token_id`:32000 for open-end generation.
Setting `pad_token_id` to `eos_token_id`:32000 for open-end generation.
Setting `pad_token_id` to `eos_token_id`:32000 for open-end generation.
Setting `pad_token_id` to `eos_token_id`:32000 for open-end generation.
Setting `pad_token_id` to `eos_token_id`:32000 for open-end generation.
Setting `pad_token_id` to `eos_token_id`:32000 for open-end generation.
Setting `pad_token_id` to `eos_token_id`:32000 for open-end generation.
Setting `pad_token_id` to `eos_token_id`:32000 for open-end generation.
Setting `pad_token_id` to `eos_token_id`:32000 for open-end generation.
Setting `pad_token_id` to `eos_token_id`:32000 for open-end generation.
Setting `pad_token_id` to `eos_token_id`:32000 for open-end generation.
Setting `pad_token_id` to `eos_token_id`:32000 for open-end generation.
Setting `pad_token_id` to `eos_token_id`:32000 for open-end generation.
Setting `pad_token_id` to `eos_token_id`:32000 for open-end generation.
Setting `pad_token_id` to `eos_token_id`:32000 for open-end generation.
Setting `pad_token_id` to `eos_token_id`:32000 for open-end generation.
Setting `pad_token_id` to `eos_token_id`:32000 for open-end generation.
Setting `pad_token_id` to `eos_token_id`:32000 for open-end generation.
Setting `pad_token_id` to `eos_token_id`:32000 for open-end generation.
Setting `pad_token_id` to `eos_token_id`:32000 for open-end generation.
Setting `pad_token_id` to `eos_token_id`:32000 for open-end generation.
Setting `pad_token_id` to `eos_token_id`:32000 for open-end generation.
Setting `pad_token_id` to `eos_token_id`:32000 for open-end generation.
Setting `pad_token_id` to `eos_token_id`:32000 for open-end generation.
Setting `pad_token_id` to `eos_token_id`:32000 for open-end generation.
Setting `pad_token_id` to `eos_token_id`:32000 for open-end generation.
Setting `pad_token_id` to `eos_token_id`:32000 for open-end generation.
Setting `pad_token_id` to `eos_token_id`:32000 for open-end generation.
Setting `pad_token_id` to `eos_token_id`:32000 for open-end generation.
Setting `pad_token_id` to `eos_token_id`:32000 for open-end generation.
Setting `pad_token_id` to `eos_token_id`:32000 for open-end generation.
Setting `pad_token_id` to `eos_token_id`:32000 for open-end generation.
Setting `pad_token_id` to `eos_token_id`:32000 for open-end generation.
Setting `pad_token_id` to `eos_token_id`:32000 for open-end generation.
Setting `pad_token_id` to `eos_token_id`:32000 for open-end generation.
Setting `pad_token_id` to `eos_token_id`:32000 for open-end generation.
Setting `pad_token_id` to `eos_token_id`:32000 for open-end generation.
Setting `pad_token_id` to `eos_token_id`:32000 for open-end generation.
Setting `pad_token_id` to `eos_token_id`:32000 for open-end generation.
Setting `pad_token_id` to `eos_token_id`:32000 for open-end generation.
Setting `pad_token_id` to `eos_token_id`:32000 for open-end generation.
Setting `pad_token_id` to `eos_token_id`:32000 for open-end generation.
Setting `pad_token_id` to `eos_token_id`:32000 for open-end generation.
Setting `pad_token_id` to `eos_token_id`:32000 for open-end generation.
Setting `pad_token_id` to `eos_token_id`:32000 for open-end generation.
Setting `pad_token_id` to `eos_token_id`:32000 for open-end generation.
Setting `pad_token_id` to `eos_token_id`:32000 for open-end generation.
Setting `pad_token_id` to `eos_token_id`:32000 for open-end generation.
Setting `pad_token_id` to `eos_token_id`:32000 for open-end generation.
Setting `pad_token_id` to `eos_token_id`:32000 for open-end generation.
Setting `pad_token_id` to `eos_token_id`:32000 for open-end generation.
Setting `pad_token_id` to `eos_token_id`:32000 for open-end generation.
Setting `pad_token_id` to `eos_token_id`:32000 for open-end generation.
Setting `pad_token_id` to `eos_token_id`:32000 for open-end generation.
Setting `pad_token_id` to `eos_token_id`:32000 for open-end generation.
Setting `pad_token_id` to `eos_token_id`:32000 for open-end generation.
Setting `pad_token_id` to `eos_token_id`:32000 for open-end generation.
Setting `pad_token_id` to `eos_token_id`:32000 for open-end generation.
Setting `pad_token_id` to `eos_token_id`:32000 for open-end generation.
Setting `pad_token_id` to `eos_token_id`:32000 for open-end generation.
Setting `pad_token_id` to `eos_token_id`:32000 for open-end generation.
Setting `pad_token_id` to `eos_token_id`:32000 for open-end generation.
Setting `pad_token_id` to `eos_token_id`:32000 for open-end generation.
Setting `pad_token_id` to `eos_token_id`:32000 for open-end generation.
Setting `pad_token_id` to `eos_token_id`:32000 for open-end generation.
Setting `pad_token_id` to `eos_token_id`:32000 for open-end generation.
Setting `pad_token_id` to `eos_token_id`:32000 for open-end generation.
Setting `pad_token_id` to `eos_token_id`:32000 for open-end generation.
Setting `pad_token_id` to `eos_token_id`:32000 for open-end generation.
Setting `pad_token_id` to `eos_token_id`:32000 for open-end generation.
Setting `pad_token_id` to `eos_token_id`:32000 for open-end generation.
Setting `pad_token_id` to `eos_token_id`:32000 for open-end generation.
Setting `pad_token_id` to `eos_token_id`:32000 for open-end generation.
Setting `pad_token_id` to `eos_token_id`:32000 for open-end generation.
Setting `pad_token_id` to `eos_token_id`:32000 for open-end generation.
Setting `pad_token_id` to `eos_token_id`:32000 for open-end generation.
Setting `pad_token_id` to `eos_token_id`:32000 for open-end generation.
Setting `pad_token_id` to `eos_token_id`:32000 for open-end generation.
Setting `pad_token_id` to `eos_token_id`:32000 for open-end generation.
Setting `pad_token_id` to `eos_token_id`:32000 for open-end generation.
Setting `pad_token_id` to `eos_token_id`:32000 for open-end generation.
Setting `pad_token_id` to `eos_token_id`:32000 for open-end generation.
Setting `pad_token_id` to `eos_token_id`:32000 for open-end generation.
Setting `pad_token_id` to `eos_token_id`:32000 for open-end generation.
Setting `pad_token_id` to `eos_token_id`:32000 for open-end generation.
Setting `pad_token_id` to `eos_token_id`:32000 for open-end generation.
Setting `pad_token_id` to `eos_token_id`:32000 for open-end generation.
Setting `pad_token_id` to `eos_token_id`:32000 for open-end generation.
Setting `pad_token_id` to `eos_token_id`:32000 for open-end generation.
Setting `pad_token_id` to `eos_token_id`:32000 for open-end generation.
Setting `pad_token_id` to `eos_token_id`:32000 for open-end generation.
Setting `pad_token_id` to `eos_token_id`:32000 for open-end generation.
Setting `pad_token_id` to `eos_token_id`:32000 for open-end generation.
Setting `pad_token_id` to `eos_token_id`:32000 for open-end generation.
Setting `pad_token_id` to `eos_token_id`:32000 for open-end generation.
Setting `pad_token_id` to `eos_token_id`:32000 for open-end generation.
Setting `pad_token_id` to `eos_token_id`:32000 for open-end generation.
Setting `pad_token_id` to `eos_token_id`:32000 for open-end generation.
Setting `pad_token_id` to `eos_token_id`:32000 for open-end generation.
Setting `pad_token_id` to `eos_token_id`:32000 for open-end generation.
Setting `pad_token_id` to `eos_token_id`:32000 for open-end generation.
Setting `pad_token_id` to `eos_token_id`:32000 for open-end generation.
Setting `pad_token_id` to `eos_token_id`:32000 for open-end generation.
Setting `pad_token_id` to `eos_token_id`:32000 for open-end generation.
Setting `pad_token_id` to `eos_token_id`:32000 for open-end generation.
Setting `pad_token_id` to `eos_token_id`:32000 for open-end generation.
Setting `pad_token_id` to `eos_token_id`:32000 for open-end generation.
Setting `pad_token_id` to `eos_token_id`:32000 for open-end generation.
Setting `pad_token_id` to `eos_token_id`:32000 for open-end generation.
Setting `pad_token_id` to `eos_token_id`:32000 for open-end generation.
Setting `pad_token_id` to `eos_token_id`:32000 for open-end generation.
Setting `pad_token_id` to `eos_token_id`:32000 for open-end generation.
Setting `pad_token_id` to `eos_token_id`:32000 for open-end generation.
Setting `pad_token_id` to `eos_token_id`:32000 for open-end generation.
Setting `pad_token_id` to `eos_token_id`:32000 for open-end generation.
Setting `pad_token_id` to `eos_token_id`:32000 for open-end generation.
Setting `pad_token_id` to `eos_token_id`:32000 for open-end generation.
Setting `pad_token_id` to `eos_token_id`:32000 for open-end generation.
Setting `pad_token_id` to `eos_token_id`:32000 for open-end generation.
Setting `pad_token_id` to `eos_token_id`:32000 for open-end generation.
Setting `pad_token_id` to `eos_token_id`:32000 for open-end generation.
Setting `pad_token_id` to `eos_token_id`:32000 for open-end generation.
Setting `pad_token_id` to `eos_token_id`:32000 for open-end generation.
Setting `pad_token_id` to `eos_token_id`:32000 for open-end generation.
Setting `pad_token_id` to `eos_token_id`:32000 for open-end generation.
Setting `pad_token_id` to `eos_token_id`:32000 for open-end generation.
Setting `pad_token_id` to `eos_token_id`:32000 for open-end generation.
Setting `pad_token_id` to `eos_token_id`:32000 for open-end generation.
Setting `pad_token_id` to `eos_token_id`:32000 for open-end generation.
Setting `pad_token_id` to `eos_token_id`:32000 for open-end generation.
Setting `pad_token_id` to `eos_token_id`:32000 for open-end generation.
Setting `pad_token_id` to `eos_token_id`:32000 for open-end generation.
Setting `pad_token_id` to `eos_token_id`:32000 for open-end generation.
Setting `pad_token_id` to `eos_token_id`:32000 for open-end generation.
Setting `pad_token_id` to `eos_token_id`:32000 for open-end generation.
Setting `pad_token_id` to `eos_token_id`:32000 for open-end generation.
Setting `pad_token_id` to `eos_token_id`:32000 for open-end generation.
Setting `pad_token_id` to `eos_token_id`:32000 for open-end generation.
Setting `pad_token_id` to `eos_token_id`:32000 for open-end generation.
Setting `pad_token_id` to `eos_token_id`:32000 for open-end generation.
Setting `pad_token_id` to `eos_token_id`:32000 for open-end generation.
Setting `pad_token_id` to `eos_token_id`:32000 for open-end generation.
Setting `pad_token_id` to `eos_token_id`:32000 for open-end generation.
Setting `pad_token_id` to `eos_token_id`:32000 for open-end generation.
Setting `pad_token_id` to `eos_token_id`:32000 for open-end generation.
Setting `pad_token_id` to `eos_token_id`:32000 for open-end generation.
Setting `pad_token_id` to `eos_token_id`:32000 for open-end generation.
Setting `pad_token_id` to `eos_token_id`:32000 for open-end generation.
Setting `pad_token_id` to `eos_token_id`:32000 for open-end generation.
Setting `pad_token_id` to `eos_token_id`:32000 for open-end generation.
Setting `pad_token_id` to `eos_token_id`:32000 for open-end generation.
Setting `pad_token_id` to `eos_token_id`:32000 for open-end generation.
Setting `pad_token_id` to `eos_token_id`:32000 for open-end generation.
Setting `pad_token_id` to `eos_token_id`:32000 for open-end generation.
Setting `pad_token_id` to `eos_token_id`:32000 for open-end generation.
Setting `pad_token_id` to `eos_token_id`:32000 for open-end generation.
Setting `pad_token_id` to `eos_token_id`:32000 for open-end generation.
Setting `pad_token_id` to `eos_token_id`:32000 for open-end generation.
Setting `pad_token_id` to `eos_token_id`:32000 for open-end generation.
Setting `pad_token_id` to `eos_token_id`:32000 for open-end generation.
Setting `pad_token_id` to `eos_token_id`:32000 for open-end generation.
Setting `pad_token_id` to `eos_token_id`:32000 for open-end generation.
Setting `pad_token_id` to `eos_token_id`:32000 for open-end generation.
Setting `pad_token_id` to `eos_token_id`:32000 for open-end generation.
Setting `pad_token_id` to `eos_token_id`:32000 for open-end generation.
Setting `pad_token_id` to `eos_token_id`:32000 for open-end generation.
Setting `pad_token_id` to `eos_token_id`:32000 for open-end generation.
Setting `pad_token_id` to `eos_token_id`:32000 for open-end generation.
Setting `pad_token_id` to `eos_token_id`:32000 for open-end generation.
Setting `pad_token_id` to `eos_token_id`:32000 for open-end generation.
Setting `pad_token_id` to `eos_token_id`:32000 for open-end generation.
Setting `pad_token_id` to `eos_token_id`:32000 for open-end generation.
Setting `pad_token_id` to `eos_token_id`:32000 for open-end generation.
Setting `pad_token_id` to `eos_token_id`:32000 for open-end generation.
Setting `pad_token_id` to `eos_token_id`:32000 for open-end generation.
Setting `pad_token_id` to `eos_token_id`:32000 for open-end generation.
Setting `pad_token_id` to `eos_token_id`:32000 for open-end generation.
Setting `pad_token_id` to `eos_token_id`:32000 for open-end generation.
Setting `pad_token_id` to `eos_token_id`:32000 for open-end generation.
Setting `pad_token_id` to `eos_token_id`:32000 for open-end generation.
Setting `pad_token_id` to `eos_token_id`:32000 for open-end generation.
Setting `pad_token_id` to `eos_token_id`:32000 for open-end generation.
Setting `pad_token_id` to `eos_token_id`:32000 for open-end generation.
Setting `pad_token_id` to `eos_token_id`:32000 for open-end generation.
Setting `pad_token_id` to `eos_token_id`:32000 for open-end generation.
Setting `pad_token_id` to `eos_token_id`:32000 for open-end generation.
Setting `pad_token_id` to `eos_token_id`:32000 for open-end generation.
Setting `pad_token_id` to `eos_token_id`:32000 for open-end generation.
Setting `pad_token_id` to `eos_token_id`:32000 for open-end generation.
Setting `pad_token_id` to `eos_token_id`:32000 for open-end generation.
Setting `pad_token_id` to `eos_token_id`:32000 for open-end generation.
Setting `pad_token_id` to `eos_token_id`:32000 for open-end generation.
Setting `pad_token_id` to `eos_token_id`:32000 for open-end generation.
Setting `pad_token_id` to `eos_token_id`:32000 for open-end generation.
Setting `pad_token_id` to `eos_token_id`:32000 for open-end generation.
Setting `pad_token_id` to `eos_token_id`:32000 for open-end generation.
Setting `pad_token_id` to `eos_token_id`:32000 for open-end generation.
Setting `pad_token_id` to `eos_token_id`:32000 for open-end generation.
Setting `pad_token_id` to `eos_token_id`:32000 for open-end generation.
Setting `pad_token_id` to `eos_token_id`:32000 for open-end generation.
Setting `pad_token_id` to `eos_token_id`:32000 for open-end generation.
Setting `pad_token_id` to `eos_token_id`:32000 for open-end generation.
Setting `pad_token_id` to `eos_token_id`:32000 for open-end generation.
Setting `pad_token_id` to `eos_token_id`:32000 for open-end generation.
Setting `pad_token_id` to `eos_token_id`:32000 for open-end generation.
Setting `pad_token_id` to `eos_token_id`:32000 for open-end generation.
Setting `pad_token_id` to `eos_token_id`:32000 for open-end generation.
Setting `pad_token_id` to `eos_token_id`:32000 for open-end generation.
Setting `pad_token_id` to `eos_token_id`:32000 for open-end generation.
Setting `pad_token_id` to `eos_token_id`:32000 for open-end generation.
Setting `pad_token_id` to `eos_token_id`:32000 for open-end generation.
Setting `pad_token_id` to `eos_token_id`:32000 for open-end generation.
Setting `pad_token_id` to `eos_token_id`:32000 for open-end generation.
Setting `pad_token_id` to `eos_token_id`:32000 for open-end generation.
Setting `pad_token_id` to `eos_token_id`:32000 for open-end generation.
Setting `pad_token_id` to `eos_token_id`:32000 for open-end generation.
Setting `pad_token_id` to `eos_token_id`:32000 for open-end generation.
Setting `pad_token_id` to `eos_token_id`:32000 for open-end generation.
Setting `pad_token_id` to `eos_token_id`:32000 for open-end generation.
Setting `pad_token_id` to `eos_token_id`:32000 for open-end generation.
Setting `pad_token_id` to `eos_token_id`:32000 for open-end generation.
Setting `pad_token_id` to `eos_token_id`:32000 for open-end generation.
Setting `pad_token_id` to `eos_token_id`:32000 for open-end generation.
Setting `pad_token_id` to `eos_token_id`:32000 for open-end generation.
Setting `pad_token_id` to `eos_token_id`:32000 for open-end generation.
Setting `pad_token_id` to `eos_token_id`:32000 for open-end generation.
Setting `pad_token_id` to `eos_token_id`:32000 for open-end generation.
Setting `pad_token_id` to `eos_token_id`:32000 for open-end generation.
Setting `pad_token_id` to `eos_token_id`:32000 for open-end generation.
Setting `pad_token_id` to `eos_token_id`:32000 for open-end generation.
Setting `pad_token_id` to `eos_token_id`:32000 for open-end generation.
Setting `pad_token_id` to `eos_token_id`:32000 for open-end generation.
Setting `pad_token_id` to `eos_token_id`:32000 for open-end generation.
Setting `pad_token_id` to `eos_token_id`:32000 for open-end generation.
Setting `pad_token_id` to `eos_token_id`:32000 for open-end generation.
Setting `pad_token_id` to `eos_token_id`:32000 for open-end generation.
Setting `pad_token_id` to `eos_token_id`:32000 for open-end generation.
Setting `pad_token_id` to `eos_token_id`:32000 for open-end generation.
Setting `pad_token_id` to `eos_token_id`:32000 for open-end generation.
Setting `pad_token_id` to `eos_token_id`:32000 for open-end generation.
Setting `pad_token_id` to `eos_token_id`:32000 for open-end generation.
Detected kernel version 4.18.0, which is below the recommended minimum of 5.5.0; this can cause the process to hang. It is recommended to upgrade the kernel to the minimum version or higher.
/leonardo/home/userexternal/hraj0000/miniconda3/lib/python3.12/site-packages/transformers/tokenization_utils_base.py:1601: FutureWarning: `clean_up_tokenization_spaces` was not set. It will be set to `True` by default. This behavior will be depracted in transformers v4.45, and will be then set to `False` by default. For more details check this issue: https://github.com/huggingface/transformers/issues/31884
  warnings.warn(
/leonardo/home/userexternal/hraj0000/miniconda3/lib/python3.12/site-packages/transformers/tokenization_utils_base.py:1601: FutureWarning: `clean_up_tokenization_spaces` was not set. It will be set to `True` by default. This behavior will be depracted in transformers v4.45, and will be then set to `False` by default. For more details check this issue: https://github.com/huggingface/transformers/issues/31884
  warnings.warn(
loading configuration file cache
loading weights file https://cdn.huggingface.co/unc-nlp/frcnn-vg-finetuned/pytorch_model.bin from cache at /leonardo_scratch/fast/EUHPC_E03_068/.cache/57f6df6abe353be2773f2700159c65615babf39ab5b48114d2b49267672ae10f.77b59256a4cf8343ae0f923246a81489fc8d82f98d082edc2d2037c977c0d9d0
All model checkpoint weights were used when initializing GeneralizedRCNN.

All the weights of GeneralizedRCNN were initialized from the model checkpoint at unc-nlp/frcnn-vg-finetuned.
If your task is similar to the task the model of the checkpoint was trained on, you can already use GeneralizedRCNN for predictions without further training.
Loading checkpoint shards:   0%|          | 0/2 [00:00<?, ?it/s]Loading checkpoint shards:  50%|█████     | 1/2 [00:10<00:10, 10.82s/it]Loading checkpoint shards: 100%|██████████| 2/2 [00:15<00:00,  7.49s/it]Loading checkpoint shards: 100%|██████████| 2/2 [00:15<00:00,  7.99s/it]
Couldn't connect to the Hub: Cannot reach https://huggingface.co/api/models/black-forest-labs/FLUX.1-schnell: offline mode is enabled. To disable it, please unset the `HF_HUB_OFFLINE` environment variable..
Will try to load from local cache.
Loading pipeline components...:   0%|          | 0/7 [00:00<?, ?it/s]You set `add_prefix_space`. The tokenizer needs to be converted from the slow tokenizers
Loading pipeline components...:  14%|█▍        | 1/7 [00:00<00:01,  5.92it/s]Loading pipeline components...:  43%|████▎     | 3/7 [00:00<00:00,  6.90it/s]
Loading checkpoint shards:   0%|          | 0/2 [00:00<?, ?it/s][A
Loading checkpoint shards:  50%|█████     | 1/2 [00:00<00:00,  5.27it/s][A
Loading checkpoint shards: 100%|██████████| 2/2 [00:00<00:00,  5.24it/s][ALoading checkpoint shards: 100%|██████████| 2/2 [00:00<00:00,  5.24it/s]
Loading pipeline components...:  57%|█████▋    | 4/7 [00:00<00:00,  4.12it/s]Loading pipeline components...:  86%|████████▌ | 6/7 [00:01<00:00,  2.62it/s]Loading pipeline components...: 100%|██████████| 7/7 [00:01<00:00,  3.64it/s]
Loading checkpoint shards:   0%|          | 0/4 [00:00<?, ?it/s]Loading checkpoint shards:  25%|██▌       | 1/4 [00:08<00:26,  8.86s/it]Loading checkpoint shards:  50%|█████     | 2/4 [00:17<00:16,  8.48s/it]Loading checkpoint shards:  75%|███████▌  | 3/4 [00:25<00:08,  8.29s/it]Loading checkpoint shards: 100%|██████████| 4/4 [00:27<00:00,  5.84s/it]Loading checkpoint shards: 100%|██████████| 4/4 [00:27<00:00,  6.81s/it]
  0%|          | 0/4 [00:00<?, ?it/s] 25%|██▌       | 1/4 [00:18<00:54, 18.11s/it] 50%|█████     | 2/4 [00:18<00:15,  7.87s/it] 75%|███████▌  | 3/4 [00:19<00:04,  4.82s/it]100%|██████████| 4/4 [00:21<00:00,  3.38s/it]100%|██████████| 4/4 [00:21<00:00,  5.29s/it]
/leonardo/home/userexternal/hraj0000/miniconda3/lib/python3.12/site-packages/torch/functional.py:512: UserWarning: torch.meshgrid: in an upcoming release, it will be required to pass the indexing argument. (Triggered internally at ../aten/src/ATen/native/TensorShape.cpp:3587.)
  return _VF.meshgrid(tensors, **kwargs)  # type: ignore[attr-defined]
Asking to truncate to max_length but no maximum length is provided and the model has no predefined maximum length. Default to no truncation.
Setting `pad_token_id` to `eos_token_id`:32000 for open-end generation.
Setting `pad_token_id` to `eos_token_id`:32000 for open-end generation.
Setting `pad_token_id` to `eos_token_id`:32000 for open-end generation.
  0%|          | 0/4 [00:00<?, ?it/s] 25%|██▌       | 1/4 [00:08<00:24,  8.23s/it] 50%|█████     | 2/4 [00:08<00:07,  3.81s/it] 75%|███████▌  | 3/4 [00:10<00:02,  2.61s/it]100%|██████████| 4/4 [00:11<00:00,  2.04s/it]100%|██████████| 4/4 [00:11<00:00,  2.83s/it]
Setting `pad_token_id` to `eos_token_id`:32000 for open-end generation.
Setting `pad_token_id` to `eos_token_id`:32000 for open-end generation.
Setting `pad_token_id` to `eos_token_id`:32000 for open-end generation.
Setting `pad_token_id` to `eos_token_id`:32000 for open-end generation.
Token indices sequence length is longer than the specified maximum sequence length for this model (185 > 77). Running this sequence through the model will result in indexing errors
The following part of your input was truncated because CLIP can only handle sequences up to 77 tokens: ['<|endoftext|><|endoftext|><|endoftext|><|endoftext|><|endoftext|><|endoftext|><|endoftext|><|endoftext|><|endoftext|><|endoftext|><|endoftext|><|endoftext|><|endoftext|><|endoftext|><|endoftext|><|endoftext|><|endoftext|><|endoftext|><|endoftext|><|endoftext|><|endoftext|><|endoftext|><|endoftext|><|endoftext|><|endoftext|><|endoftext|><|endoftext|><|endoftext|><|endoftext|><|endoftext|><|endoftext|><|endoftext|><|endoftext|><|endoftext|><|endoftext|><|endoftext|><|endoftext|><|endoftext|><|endoftext|><|endoftext|><|endoftext|><|endoftext|><|endoftext|><|endoftext|><|endoftext|><|endoftext|><|endoftext|><|endoftext|><|endoftext|><|endoftext|><|endoftext|><|endoftext|><|endoftext|><|endoftext|><|endoftext|><|endoftext|><|endoftext|><|endoftext|><|endoftext|><|endoftext|><|endoftext|><|endoftext|><|endoftext|><|endoftext|><|endoftext|><|endoftext|><|endoftext|><|endoftext|><|endoftext|><|endoftext|><|endoftext|><|endoftext|><|endoftext|><|endoftext|><|endoftext|><|endoftext|><|endoftext|><|endoftext|><|endoftext|><|endoftext|><|endoftext|><|endoftext|><|endoftext|><|endoftext|><|endoftext|><|endoftext|><|endoftext|><|endoftext|><|endoftext|><|endoftext|><|endoftext|><|endoftext|><|endoftext|><|endoftext|><|endoftext|><|endoftext|><|endoftext|><|endoftext|><|endoftext|><|endoftext|><|endoftext|><|endoftext|><|endoftext|><|endoftext|><|endoftext|><|endoftext|><|endoftext|><|endoftext|>', "there. we may not even realize that we are carrying this contagion within us until it's too late. and then, like wildfire, it spreads through our families, our friends, our communities. each person infected becomes another carrier, passing on the suffering to yet more innocent souls. but what if we could change this? what if each of us took responsibility for our own actions, no matter how small they seem? if we washed our hands regularly, stayed home when we were sick, wore masks in public spaces? these simple acts might", '<|endoftext|><|endoftext|><|endoftext|><|endoftext|><|endoftext|><|endoftext|><|endoftext|><|endoftext|><|endoftext|><|endoftext|><|endoftext|><|endoftext|><|endoftext|><|endoftext|><|endoftext|><|endoftext|><|endoftext|><|endoftext|><|endoftext|><|endoftext|><|endoftext|><|endoftext|><|endoftext|><|endoftext|><|endoftext|><|endoftext|><|endoftext|><|endoftext|><|endoftext|><|endoftext|><|endoftext|><|endoftext|><|endoftext|><|endoftext|><|endoftext|><|endoftext|><|endoftext|><|endoftext|><|endoftext|><|endoftext|><|endoftext|><|endoftext|><|endoftext|><|endoftext|><|endoftext|><|endoftext|><|endoftext|><|endoftext|><|endoftext|><|endoftext|><|endoftext|><|endoftext|><|endoftext|><|endoftext|><|endoftext|><|endoftext|><|endoftext|><|endoftext|><|endoftext|><|endoftext|><|endoftext|><|endoftext|><|endoftext|><|endoftext|><|endoftext|><|endoftext|><|endoftext|><|endoftext|><|endoftext|><|endoftext|><|endoftext|><|endoftext|><|endoftext|><|endoftext|><|endoftext|><|endoftext|><|endoftext|><|endoftext|><|endoftext|><|endoftext|><|endoftext|><|endoftext|><|endoftext|><|endoftext|><|endoftext|><|endoftext|><|endoftext|><|endoftext|><|endoftext|><|endoftext|><|endoftext|><|endoftext|><|endoftext|><|endoftext|><|endoftext|><|endoftext|><|endoftext|><|endoftext|><|endoftext|><|endoftext|><|endoftext|><|endoftext|><|endoftext|><|endoftext|><|endoftext|><|endoftext|><|endoftext|><|endoftext|>']
  0%|          | 0/4 [00:00<?, ?it/s] 25%|██▌       | 1/4 [00:08<00:24,  8.25s/it] 50%|█████     | 2/4 [00:08<00:07,  3.81s/it] 75%|███████▌  | 3/4 [00:10<00:02,  2.61s/it]100%|██████████| 4/4 [00:11<00:00,  2.05s/it]100%|██████████| 4/4 [00:11<00:00,  2.83s/it]
Setting `pad_token_id` to `eos_token_id`:32000 for open-end generation.
Setting `pad_token_id` to `eos_token_id`:32000 for open-end generation.
Setting `pad_token_id` to `eos_token_id`:32000 for open-end generation.
The following part of your input was truncated because CLIP can only handle sequences up to 77 tokens: ['the need for individuals to take precautions when traveling or living in areas where there is a high risk of contracting the disease.', '<|endoftext|><|endoftext|><|endoftext|><|endoftext|><|endoftext|><|endoftext|><|endoftext|><|endoftext|><|endoftext|><|endoftext|><|endoftext|><|endoftext|><|endoftext|><|endoftext|><|endoftext|><|endoftext|><|endoftext|><|endoftext|><|endoftext|><|endoftext|><|endoftext|><|endoftext|><|endoftext|><|endoftext|>', '<|endoftext|><|endoftext|><|endoftext|><|endoftext|><|endoftext|><|endoftext|><|endoftext|><|endoftext|><|endoftext|><|endoftext|><|endoftext|><|endoftext|><|endoftext|><|endoftext|><|endoftext|><|endoftext|><|endoftext|><|endoftext|><|endoftext|><|endoftext|><|endoftext|><|endoftext|><|endoftext|><|endoftext|>']
  0%|          | 0/4 [00:00<?, ?it/s] 25%|██▌       | 1/4 [00:08<00:24,  8.23s/it] 50%|█████     | 2/4 [00:08<00:07,  3.81s/it] 75%|███████▌  | 3/4 [00:10<00:02,  2.61s/it]100%|██████████| 4/4 [00:11<00:00,  2.04s/it]100%|██████████| 4/4 [00:11<00:00,  2.83s/it]
Setting `pad_token_id` to `eos_token_id`:32000 for open-end generation.
Setting `pad_token_id` to `eos_token_id`:32000 for open-end generation.
Setting `pad_token_id` to `eos_token_id`:32000 for open-end generation.
  0%|          | 0/4 [00:00<?, ?it/s] 25%|██▌       | 1/4 [00:08<00:24,  8.24s/it] 50%|█████     | 2/4 [00:08<00:07,  3.81s/it] 75%|███████▌  | 3/4 [00:10<00:02,  2.61s/it]100%|██████████| 4/4 [00:11<00:00,  2.05s/it]100%|██████████| 4/4 [00:11<00:00,  2.83s/it]
Setting `pad_token_id` to `eos_token_id`:32000 for open-end generation.
Setting `pad_token_id` to `eos_token_id`:32000 for open-end generation.
Setting `pad_token_id` to `eos_token_id`:32000 for open-end generation.
The following part of your input was truncated because CLIP can only handle sequences up to 77 tokens: ['<|endoftext|><|endoftext|><|endoftext|><|endoftext|><|endoftext|><|endoftext|><|endoftext|><|endoftext|><|endoftext|><|endoftext|><|endoftext|><|endoftext|><|endoftext|><|endoftext|><|endoftext|><|endoftext|><|endoftext|><|endoftext|><|endoftext|><|endoftext|><|endoftext|><|endoftext|><|endoftext|><|endoftext|><|endoftext|><|endoftext|>', '<|endoftext|><|endoftext|><|endoftext|><|endoftext|><|endoftext|><|endoftext|><|endoftext|><|endoftext|><|endoftext|><|endoftext|><|endoftext|><|endoftext|><|endoftext|><|endoftext|><|endoftext|><|endoftext|><|endoftext|><|endoftext|><|endoftext|><|endoftext|><|endoftext|><|endoftext|><|endoftext|><|endoftext|><|endoftext|><|endoftext|>', "suffering, they discover the true meaning of sacrifice and devotion, ultimately finding solace in each other's arms even as death draws near."]
  0%|          | 0/4 [00:00<?, ?it/s] 25%|██▌       | 1/4 [00:08<00:24,  8.23s/it] 50%|█████     | 2/4 [00:08<00:07,  3.81s/it] 75%|███████▌  | 3/4 [00:10<00:02,  2.61s/it]100%|██████████| 4/4 [00:11<00:00,  2.04s/it]100%|██████████| 4/4 [00:11<00:00,  2.83s/it]
Setting `pad_token_id` to `eos_token_id`:32000 for open-end generation.
Setting `pad_token_id` to `eos_token_id`:32000 for open-end generation.
Setting `pad_token_id` to `eos_token_id`:32000 for open-end generation.
Setting `pad_token_id` to `eos_token_id`:32000 for open-end generation.
  0%|          | 0/4 [00:00<?, ?it/s] 25%|██▌       | 1/4 [00:08<00:24,  8.24s/it] 50%|█████     | 2/4 [00:08<00:07,  3.81s/it] 75%|███████▌  | 3/4 [00:10<00:02,  2.61s/it]100%|██████████| 4/4 [00:11<00:00,  2.05s/it]100%|██████████| 4/4 [00:11<00:00,  2.83s/it]
Setting `pad_token_id` to `eos_token_id`:32000 for open-end generation.
Setting `pad_token_id` to `eos_token_id`:32000 for open-end generation.
Setting `pad_token_id` to `eos_token_id`:32000 for open-end generation.
  0%|          | 0/4 [00:00<?, ?it/s] 25%|██▌       | 1/4 [00:08<00:24,  8.25s/it] 50%|█████     | 2/4 [00:08<00:07,  3.81s/it] 75%|███████▌  | 3/4 [00:10<00:02,  2.61s/it]100%|██████████| 4/4 [00:11<00:00,  2.05s/it]100%|██████████| 4/4 [00:11<00:00,  2.83s/it]
Setting `pad_token_id` to `eos_token_id`:32000 for open-end generation.
Setting `pad_token_id` to `eos_token_id`:32000 for open-end generation.
Setting `pad_token_id` to `eos_token_id`:32000 for open-end generation.
The following part of your input was truncated because CLIP can only handle sequences up to 77 tokens: ['<|endoftext|><|endoftext|><|endoftext|><|endoftext|><|endoftext|><|endoftext|><|endoftext|><|endoftext|><|endoftext|><|endoftext|><|endoftext|><|endoftext|><|endoftext|><|endoftext|><|endoftext|><|endoftext|><|endoftext|><|endoftext|><|endoftext|><|endoftext|><|endoftext|><|endoftext|><|endoftext|><|endoftext|><|endoftext|><|endoftext|><|endoftext|><|endoftext|><|endoftext|><|endoftext|><|endoftext|><|endoftext|><|endoftext|><|endoftext|><|endoftext|><|endoftext|><|endoftext|><|endoftext|><|endoftext|><|endoftext|><|endoftext|><|endoftext|><|endoftext|><|endoftext|><|endoftext|><|endoftext|><|endoftext|><|endoftext|><|endoftext|><|endoftext|><|endoftext|><|endoftext|><|endoftext|><|endoftext|><|endoftext|><|endoftext|><|endoftext|><|endoftext|><|endoftext|><|endoftext|><|endoftext|><|endoftext|><|endoftext|><|endoftext|><|endoftext|><|endoftext|><|endoftext|><|endoftext|><|endoftext|><|endoftext|><|endoftext|><|endoftext|><|endoftext|><|endoftext|><|endoftext|><|endoftext|><|endoftext|><|endoftext|><|endoftext|><|endoftext|><|endoftext|><|endoftext|><|endoftext|><|endoftext|><|endoftext|><|endoftext|><|endoftext|><|endoftext|><|endoftext|><|endoftext|><|endoftext|><|endoftext|><|endoftext|><|endoftext|><|endoftext|><|endoftext|><|endoftext|><|endoftext|><|endoftext|><|endoftext|><|endoftext|>', 'had flu - like symptoms. this helped reduce his chances of infecting other people. in scenario b, sarah implemented preventative measures such as washing her hands frequently and avoiding crowded areas in order to decrease her probability of catching the disease before she showed any signs or symptoms. these efforts were successful in keeping her healthy throughout the pandemic. <|endoftext|><|endoftext|><|endoftext|><|endoftext|><|endoftext|><|endoftext|><|endoftext|><|endoftext|><|endoftext|><|endoftext|><|endoftext|><|endoftext|><|endoftext|><|endoftext|><|endoftext|><|endoftext|><|endoftext|><|endoftext|><|endoftext|><|endoftext|><|endoftext|><|endoftext|><|endoftext|><|endoftext|><|endoftext|><|endoftext|><|endoftext|><|endoftext|><|endoftext|><|endoftext|><|endoftext|><|endoftext|><|endoftext|><|endoftext|>', 'offering words of encouragement and solace. your blessings could provide him with much - needed strength to face his impending demise bravely. furthermore, if possible, please consider extending material assistance or medical aid to alleviate some financial burden off his shoulders. many families struggle immensely when dealing with terminal diseases due to exorbitant treatment costs ; therefore, any form of relief would be highly appreciated. lastly, kindly remember john in your prayers so that he may find peace amidst pain and suffering. may god grant him ser']
  0%|          | 0/4 [00:00<?, ?it/s] 25%|██▌       | 1/4 [00:08<00:24,  8.23s/it] 50%|█████     | 2/4 [00:08<00:07,  3.81s/it] 75%|███████▌  | 3/4 [00:10<00:02,  2.61s/it]100%|██████████| 4/4 [00:11<00:00,  2.04s/it]100%|██████████| 4/4 [00:11<00:00,  2.83s/it]
Setting `pad_token_id` to `eos_token_id`:32000 for open-end generation.
Setting `pad_token_id` to `eos_token_id`:32000 for open-end generation.
Setting `pad_token_id` to `eos_token_id`:32000 for open-end generation.
Setting `pad_token_id` to `eos_token_id`:32000 for open-end generation.
The following part of your input was truncated because CLIP can only handle sequences up to 77 tokens: ['<|endoftext|><|endoftext|><|endoftext|><|endoftext|><|endoftext|><|endoftext|><|endoftext|><|endoftext|><|endoftext|><|endoftext|><|endoftext|><|endoftext|><|endoftext|><|endoftext|><|endoftext|><|endoftext|><|endoftext|><|endoftext|><|endoftext|><|endoftext|><|endoftext|><|endoftext|><|endoftext|><|endoftext|><|endoftext|><|endoftext|><|endoftext|><|endoftext|><|endoftext|><|endoftext|><|endoftext|><|endoftext|><|endoftext|><|endoftext|><|endoftext|><|endoftext|><|endoftext|><|endoftext|><|endoftext|><|endoftext|><|endoftext|><|endoftext|><|endoftext|><|endoftext|><|endoftext|><|endoftext|><|endoftext|><|endoftext|><|endoftext|><|endoftext|><|endoftext|><|endoftext|><|endoftext|><|endoftext|><|endoftext|><|endoftext|><|endoftext|><|endoftext|><|endoftext|><|endoftext|><|endoftext|><|endoftext|><|endoftext|><|endoftext|><|endoftext|><|endoftext|><|endoftext|><|endoftext|><|endoftext|><|endoftext|><|endoftext|><|endoftext|><|endoftext|><|endoftext|><|endoftext|><|endoftext|><|endoftext|><|endoftext|><|endoftext|><|endoftext|><|endoftext|><|endoftext|><|endoftext|><|endoftext|><|endoftext|><|endoftext|><|endoftext|><|endoftext|><|endoftext|><|endoftext|><|endoftext|>', '<|endoftext|><|endoftext|><|endoftext|><|endoftext|><|endoftext|><|endoftext|><|endoftext|><|endoftext|><|endoftext|><|endoftext|><|endoftext|><|endoftext|><|endoftext|><|endoftext|><|endoftext|><|endoftext|><|endoftext|><|endoftext|><|endoftext|><|endoftext|><|endoftext|><|endoftext|><|endoftext|><|endoftext|><|endoftext|><|endoftext|><|endoftext|><|endoftext|><|endoftext|><|endoftext|><|endoftext|><|endoftext|><|endoftext|><|endoftext|><|endoftext|><|endoftext|><|endoftext|><|endoftext|><|endoftext|><|endoftext|><|endoftext|><|endoftext|><|endoftext|><|endoftext|><|endoftext|><|endoftext|><|endoftext|><|endoftext|><|endoftext|><|endoftext|><|endoftext|><|endoftext|><|endoftext|><|endoftext|><|endoftext|><|endoftext|><|endoftext|><|endoftext|><|endoftext|><|endoftext|><|endoftext|><|endoftext|><|endoftext|><|endoftext|><|endoftext|><|endoftext|><|endoftext|><|endoftext|><|endoftext|><|endoftext|><|endoftext|><|endoftext|><|endoftext|><|endoftext|><|endoftext|><|endoftext|><|endoftext|><|endoftext|><|endoftext|><|endoftext|><|endoftext|><|endoftext|><|endoftext|><|endoftext|><|endoftext|><|endoftext|><|endoftext|><|endoftext|><|endoftext|><|endoftext|><|endoftext|>', ", we tarnish earthly skies with smoggy blights, polluting day and night. and so within this verse i pen, a plea to heed the warning clear : that every watt we use must come without harm, or else we face despair. so let us strive to find alternative ways to meet our needs and wants, to harness wind and water's force, to fuel our dreams and thoughts. let's build a world where nature thrives,"]
  0%|          | 0/4 [00:00<?, ?it/s] 25%|██▌       | 1/4 [00:08<00:24,  8.24s/it] 50%|█████     | 2/4 [00:08<00:07,  3.81s/it] 75%|███████▌  | 3/4 [00:10<00:02,  2.61s/it]100%|██████████| 4/4 [00:11<00:00,  2.05s/it]100%|██████████| 4/4 [00:11<00:00,  2.83s/it]
Setting `pad_token_id` to `eos_token_id`:32000 for open-end generation.
Setting `pad_token_id` to `eos_token_id`:32000 for open-end generation.
Setting `pad_token_id` to `eos_token_id`:32000 for open-end generation.
  0%|          | 0/4 [00:00<?, ?it/s] 25%|██▌       | 1/4 [00:08<00:24,  8.24s/it] 50%|█████     | 2/4 [00:08<00:07,  3.81s/it] 75%|███████▌  | 3/4 [00:10<00:02,  2.61s/it]100%|██████████| 4/4 [00:11<00:00,  2.05s/it]100%|██████████| 4/4 [00:11<00:00,  2.83s/it]
Setting `pad_token_id` to `eos_token_id`:32000 for open-end generation.
Setting `pad_token_id` to `eos_token_id`:32000 for open-end generation.
Setting `pad_token_id` to `eos_token_id`:32000 for open-end generation.
  0%|          | 0/4 [00:00<?, ?it/s] 25%|██▌       | 1/4 [00:08<00:24,  8.24s/it] 50%|█████     | 2/4 [00:08<00:07,  3.81s/it] 75%|███████▌  | 3/4 [00:10<00:02,  2.61s/it]100%|██████████| 4/4 [00:11<00:00,  2.05s/it]100%|██████████| 4/4 [00:11<00:00,  2.83s/it]
Setting `pad_token_id` to `eos_token_id`:32000 for open-end generation.
Setting `pad_token_id` to `eos_token_id`:32000 for open-end generation.
Setting `pad_token_id` to `eos_token_id`:32000 for open-end generation.
  0%|          | 0/4 [00:00<?, ?it/s] 25%|██▌       | 1/4 [00:08<00:24,  8.24s/it] 50%|█████     | 2/4 [00:08<00:07,  3.81s/it] 75%|███████▌  | 3/4 [00:10<00:02,  2.61s/it]100%|██████████| 4/4 [00:11<00:00,  2.04s/it]100%|██████████| 4/4 [00:11<00:00,  2.83s/it]
Setting `pad_token_id` to `eos_token_id`:32000 for open-end generation.
Setting `pad_token_id` to `eos_token_id`:32000 for open-end generation.
Setting `pad_token_id` to `eos_token_id`:32000 for open-end generation.
  0%|          | 0/4 [00:00<?, ?it/s] 25%|██▌       | 1/4 [00:08<00:24,  8.25s/it] 50%|█████     | 2/4 [00:08<00:07,  3.81s/it] 75%|███████▌  | 3/4 [00:10<00:02,  2.61s/it]100%|██████████| 4/4 [00:11<00:00,  2.05s/it]100%|██████████| 4/4 [00:11<00:00,  2.83s/it]
Setting `pad_token_id` to `eos_token_id`:32000 for open-end generation.
Setting `pad_token_id` to `eos_token_id`:32000 for open-end generation.
Setting `pad_token_id` to `eos_token_id`:32000 for open-end generation.
  0%|          | 0/4 [00:00<?, ?it/s] 25%|██▌       | 1/4 [00:08<00:24,  8.24s/it] 50%|█████     | 2/4 [00:08<00:07,  3.81s/it] 75%|███████▌  | 3/4 [00:10<00:02,  2.61s/it]100%|██████████| 4/4 [00:11<00:00,  2.04s/it]100%|██████████| 4/4 [00:11<00:00,  2.83s/it]
Setting `pad_token_id` to `eos_token_id`:32000 for open-end generation.
Setting `pad_token_id` to `eos_token_id`:32000 for open-end generation.
Setting `pad_token_id` to `eos_token_id`:32000 for open-end generation.
The following part of your input was truncated because CLIP can only handle sequences up to 77 tokens: ['look messy and dirty. but the kids had so much fun doing it!', '<|endoftext|><|endoftext|><|endoftext|><|endoftext|><|endoftext|><|endoftext|><|endoftext|><|endoftext|><|endoftext|><|endoftext|><|endoftext|><|endoftext|><|endoftext|><|endoftext|><|endoftext|>', '<|endoftext|><|endoftext|><|endoftext|><|endoftext|><|endoftext|><|endoftext|><|endoftext|><|endoftext|><|endoftext|><|endoftext|><|endoftext|><|endoftext|><|endoftext|><|endoftext|><|endoftext|>']
  0%|          | 0/4 [00:00<?, ?it/s] 25%|██▌       | 1/4 [00:08<00:24,  8.25s/it] 50%|█████     | 2/4 [00:08<00:07,  3.81s/it] 75%|███████▌  | 3/4 [00:10<00:02,  2.61s/it]100%|██████████| 4/4 [00:11<00:00,  2.05s/it]100%|██████████| 4/4 [00:11<00:00,  2.83s/it]
Setting `pad_token_id` to `eos_token_id`:32000 for open-end generation.
Setting `pad_token_id` to `eos_token_id`:32000 for open-end generation.
Setting `pad_token_id` to `eos_token_id`:32000 for open-end generation.
The following part of your input was truncated because CLIP can only handle sequences up to 77 tokens: ['<|endoftext|><|endoftext|><|endoftext|><|endoftext|><|endoftext|><|endoftext|><|endoftext|><|endoftext|><|endoftext|><|endoftext|><|endoftext|><|endoftext|><|endoftext|><|endoftext|><|endoftext|><|endoftext|><|endoftext|><|endoftext|><|endoftext|><|endoftext|>', "are helping to ensure the safety and security of our communities'most vital resource - clean drinking water.", '<|endoftext|><|endoftext|><|endoftext|><|endoftext|><|endoftext|><|endoftext|><|endoftext|><|endoftext|><|endoftext|><|endoftext|><|endoftext|><|endoftext|><|endoftext|><|endoftext|><|endoftext|><|endoftext|><|endoftext|><|endoftext|><|endoftext|><|endoftext|>']
  0%|          | 0/4 [00:00<?, ?it/s] 25%|██▌       | 1/4 [00:08<00:24,  8.24s/it] 50%|█████     | 2/4 [00:08<00:07,  3.81s/it] 75%|███████▌  | 3/4 [00:10<00:02,  2.61s/it]100%|██████████| 4/4 [00:11<00:00,  2.05s/it]100%|██████████| 4/4 [00:11<00:00,  2.83s/it]
Setting `pad_token_id` to `eos_token_id`:32000 for open-end generation.
Setting `pad_token_id` to `eos_token_id`:32000 for open-end generation.
Setting `pad_token_id` to `eos_token_id`:32000 for open-end generation.
Setting `pad_token_id` to `eos_token_id`:32000 for open-end generation.
The following part of your input was truncated because CLIP can only handle sequences up to 77 tokens: ['<|endoftext|><|endoftext|><|endoftext|><|endoftext|><|endoftext|><|endoftext|><|endoftext|><|endoftext|><|endoftext|><|endoftext|><|endoftext|><|endoftext|><|endoftext|><|endoftext|><|endoftext|><|endoftext|><|endoftext|><|endoftext|><|endoftext|><|endoftext|><|endoftext|><|endoftext|><|endoftext|><|endoftext|><|endoftext|><|endoftext|><|endoftext|><|endoftext|><|endoftext|><|endoftext|><|endoftext|><|endoftext|>', 'construction and how they can be avoided. finally, address your guide directly to someone with knowledge both in philosophy and architecture but no prior experience in temple - building.', '<|endoftext|><|endoftext|><|endoftext|><|endoftext|><|endoftext|><|endoftext|><|endoftext|><|endoftext|><|endoftext|><|endoftext|><|endoftext|><|endoftext|><|endoftext|><|endoftext|><|endoftext|><|endoftext|><|endoftext|><|endoftext|><|endoftext|><|endoftext|><|endoftext|><|endoftext|><|endoftext|><|endoftext|><|endoftext|><|endoftext|><|endoftext|><|endoftext|><|endoftext|><|endoftext|><|endoftext|><|endoftext|>']
  0%|          | 0/4 [00:00<?, ?it/s] 25%|██▌       | 1/4 [00:08<00:24,  8.25s/it] 50%|█████     | 2/4 [00:08<00:07,  3.81s/it] 75%|███████▌  | 3/4 [00:10<00:02,  2.61s/it]100%|██████████| 4/4 [00:11<00:00,  2.05s/it]100%|██████████| 4/4 [00:11<00:00,  2.83s/it]
Setting `pad_token_id` to `eos_token_id`:32000 for open-end generation.
Setting `pad_token_id` to `eos_token_id`:32000 for open-end generation.
Setting `pad_token_id` to `eos_token_id`:32000 for open-end generation.
  0%|          | 0/4 [00:00<?, ?it/s] 25%|██▌       | 1/4 [00:08<00:24,  8.25s/it] 50%|█████     | 2/4 [00:08<00:07,  3.81s/it] 75%|███████▌  | 3/4 [00:10<00:02,  2.61s/it]100%|██████████| 4/4 [00:11<00:00,  2.05s/it]100%|██████████| 4/4 [00:11<00:00,  2.83s/it]
Setting `pad_token_id` to `eos_token_id`:32000 for open-end generation.
Setting `pad_token_id` to `eos_token_id`:32000 for open-end generation.
Setting `pad_token_id` to `eos_token_id`:32000 for open-end generation.
The following part of your input was truncated because CLIP can only handle sequences up to 77 tokens: ['ssing, and regular checkups.', '<|endoftext|><|endoftext|><|endoftext|><|endoftext|><|endoftext|><|endoftext|><|endoftext|>', '<|endoftext|><|endoftext|><|endoftext|><|endoftext|><|endoftext|><|endoftext|><|endoftext|>']
  0%|          | 0/4 [00:00<?, ?it/s] 25%|██▌       | 1/4 [00:08<00:24,  8.24s/it] 50%|█████     | 2/4 [00:08<00:07,  3.81s/it] 75%|███████▌  | 3/4 [00:10<00:02,  2.61s/it]100%|██████████| 4/4 [00:11<00:00,  2.05s/it]100%|██████████| 4/4 [00:11<00:00,  2.83s/it]
Setting `pad_token_id` to `eos_token_id`:32000 for open-end generation.
Setting `pad_token_id` to `eos_token_id`:32000 for open-end generation.
Setting `pad_token_id` to `eos_token_id`:32000 for open-end generation.
Setting `pad_token_id` to `eos_token_id`:32000 for open-end generation.
  0%|          | 0/4 [00:00<?, ?it/s] 25%|██▌       | 1/4 [00:08<00:24,  8.25s/it] 50%|█████     | 2/4 [00:08<00:07,  3.81s/it] 75%|███████▌  | 3/4 [00:10<00:02,  2.61s/it]100%|██████████| 4/4 [00:11<00:00,  2.05s/it]100%|██████████| 4/4 [00:11<00:00,  2.83s/it]
Setting `pad_token_id` to `eos_token_id`:32000 for open-end generation.
Setting `pad_token_id` to `eos_token_id`:32000 for open-end generation.
Setting `pad_token_id` to `eos_token_id`:32000 for open-end generation.
Setting `pad_token_id` to `eos_token_id`:32000 for open-end generation.
The following part of your input was truncated because CLIP can only handle sequences up to 77 tokens: ['chemicals can react together to form new compounds.', '<|endoftext|><|endoftext|><|endoftext|><|endoftext|><|endoftext|><|endoftext|><|endoftext|><|endoftext|><|endoftext|>', '<|endoftext|><|endoftext|><|endoftext|><|endoftext|><|endoftext|><|endoftext|><|endoftext|><|endoftext|><|endoftext|>']
  0%|          | 0/4 [00:00<?, ?it/s] 25%|██▌       | 1/4 [00:08<00:24,  8.24s/it] 50%|█████     | 2/4 [00:08<00:07,  3.81s/it] 75%|███████▌  | 3/4 [00:10<00:02,  2.61s/it]100%|██████████| 4/4 [00:11<00:00,  2.05s/it]100%|██████████| 4/4 [00:11<00:00,  2.83s/it]
Setting `pad_token_id` to `eos_token_id`:32000 for open-end generation.
Setting `pad_token_id` to `eos_token_id`:32000 for open-end generation.
Setting `pad_token_id` to `eos_token_id`:32000 for open-end generation.
  0%|          | 0/4 [00:00<?, ?it/s] 25%|██▌       | 1/4 [00:08<00:24,  8.24s/it] 50%|█████     | 2/4 [00:08<00:07,  3.81s/it] 75%|███████▌  | 3/4 [00:10<00:02,  2.61s/it]100%|██████████| 4/4 [00:11<00:00,  2.05s/it]100%|██████████| 4/4 [00:11<00:00,  2.83s/it]
Setting `pad_token_id` to `eos_token_id`:32000 for open-end generation.
Setting `pad_token_id` to `eos_token_id`:32000 for open-end generation.
Setting `pad_token_id` to `eos_token_id`:32000 for open-end generation.
The following part of your input was truncated because CLIP can only handle sequences up to 77 tokens: ['<|endoftext|><|endoftext|><|endoftext|><|endoftext|><|endoftext|><|endoftext|><|endoftext|><|endoftext|><|endoftext|><|endoftext|><|endoftext|><|endoftext|><|endoftext|><|endoftext|><|endoftext|><|endoftext|><|endoftext|><|endoftext|><|endoftext|><|endoftext|><|endoftext|><|endoftext|><|endoftext|><|endoftext|><|endoftext|><|endoftext|>', '<|endoftext|><|endoftext|><|endoftext|><|endoftext|><|endoftext|><|endoftext|><|endoftext|><|endoftext|><|endoftext|><|endoftext|><|endoftext|><|endoftext|><|endoftext|><|endoftext|><|endoftext|><|endoftext|><|endoftext|><|endoftext|><|endoftext|><|endoftext|><|endoftext|><|endoftext|><|endoftext|><|endoftext|><|endoftext|><|endoftext|>', "thoughts on how to make the best spaghetti sauce.' the postman burst out laughing and passed the story around until it reached us today."]
  0%|          | 0/4 [00:00<?, ?it/s] 25%|██▌       | 1/4 [00:08<00:24,  8.24s/it] 50%|█████     | 2/4 [00:08<00:07,  3.81s/it] 75%|███████▌  | 3/4 [00:10<00:02,  2.61s/it]100%|██████████| 4/4 [00:11<00:00,  2.05s/it]100%|██████████| 4/4 [00:11<00:00,  2.83s/it]
Setting `pad_token_id` to `eos_token_id`:32000 for open-end generation.
Setting `pad_token_id` to `eos_token_id`:32000 for open-end generation.
Setting `pad_token_id` to `eos_token_id`:32000 for open-end generation.
  0%|          | 0/4 [00:00<?, ?it/s] 25%|██▌       | 1/4 [00:08<00:24,  8.24s/it] 50%|█████     | 2/4 [00:08<00:07,  3.81s/it] 75%|███████▌  | 3/4 [00:10<00:02,  2.61s/it]100%|██████████| 4/4 [00:11<00:00,  2.05s/it]100%|██████████| 4/4 [00:11<00:00,  2.83s/it]
Setting `pad_token_id` to `eos_token_id`:32000 for open-end generation.
Setting `pad_token_id` to `eos_token_id`:32000 for open-end generation.
Setting `pad_token_id` to `eos_token_id`:32000 for open-end generation.
Setting `pad_token_id` to `eos_token_id`:32000 for open-end generation.
  0%|          | 0/4 [00:00<?, ?it/s] 25%|██▌       | 1/4 [00:08<00:24,  8.23s/it] 50%|█████     | 2/4 [00:08<00:07,  3.81s/it] 75%|███████▌  | 3/4 [00:10<00:02,  2.61s/it]100%|██████████| 4/4 [00:11<00:00,  2.04s/it]100%|██████████| 4/4 [00:11<00:00,  2.83s/it]
Setting `pad_token_id` to `eos_token_id`:32000 for open-end generation.
Setting `pad_token_id` to `eos_token_id`:32000 for open-end generation.
Setting `pad_token_id` to `eos_token_id`:32000 for open-end generation.
  0%|          | 0/4 [00:00<?, ?it/s] 25%|██▌       | 1/4 [00:08<00:24,  8.26s/it] 50%|█████     | 2/4 [00:08<00:07,  3.82s/it] 75%|███████▌  | 3/4 [00:10<00:02,  2.61s/it]100%|██████████| 4/4 [00:11<00:00,  2.05s/it]100%|██████████| 4/4 [00:11<00:00,  2.83s/it]
Setting `pad_token_id` to `eos_token_id`:32000 for open-end generation.
Setting `pad_token_id` to `eos_token_id`:32000 for open-end generation.
Setting `pad_token_id` to `eos_token_id`:32000 for open-end generation.
  0%|          | 0/4 [00:00<?, ?it/s] 25%|██▌       | 1/4 [00:08<00:24,  8.26s/it] 50%|█████     | 2/4 [00:08<00:07,  3.82s/it] 75%|███████▌  | 3/4 [00:10<00:02,  2.61s/it]100%|██████████| 4/4 [00:11<00:00,  2.05s/it]100%|██████████| 4/4 [00:11<00:00,  2.83s/it]
Setting `pad_token_id` to `eos_token_id`:32000 for open-end generation.
Setting `pad_token_id` to `eos_token_id`:32000 for open-end generation.
Setting `pad_token_id` to `eos_token_id`:32000 for open-end generation.
Setting `pad_token_id` to `eos_token_id`:32000 for open-end generation.
  0%|          | 0/4 [00:00<?, ?it/s] 25%|██▌       | 1/4 [00:08<00:24,  8.24s/it] 50%|█████     | 2/4 [00:08<00:07,  3.81s/it] 75%|███████▌  | 3/4 [00:10<00:02,  2.61s/it]100%|██████████| 4/4 [00:11<00:00,  2.05s/it]100%|██████████| 4/4 [00:11<00:00,  2.83s/it]
Setting `pad_token_id` to `eos_token_id`:32000 for open-end generation.
Setting `pad_token_id` to `eos_token_id`:32000 for open-end generation.
Setting `pad_token_id` to `eos_token_id`:32000 for open-end generation.
The following part of your input was truncated because CLIP can only handle sequences up to 77 tokens: ['<|endoftext|><|endoftext|><|endoftext|><|endoftext|><|endoftext|><|endoftext|><|endoftext|><|endoftext|><|endoftext|><|endoftext|><|endoftext|><|endoftext|><|endoftext|><|endoftext|><|endoftext|><|endoftext|><|endoftext|><|endoftext|>', 'can see colorful banners hanging from nearby stalls and a crowd of shoppers browsing through the merchandise.', '<|endoftext|><|endoftext|><|endoftext|><|endoftext|><|endoftext|><|endoftext|><|endoftext|><|endoftext|><|endoftext|><|endoftext|><|endoftext|><|endoftext|><|endoftext|><|endoftext|><|endoftext|><|endoftext|><|endoftext|><|endoftext|>']
  0%|          | 0/4 [00:00<?, ?it/s] 25%|██▌       | 1/4 [00:08<00:24,  8.24s/it] 50%|█████     | 2/4 [00:08<00:07,  3.81s/it] 75%|███████▌  | 3/4 [00:10<00:02,  2.61s/it]100%|██████████| 4/4 [00:11<00:00,  2.05s/it]100%|██████████| 4/4 [00:11<00:00,  2.83s/it]
Setting `pad_token_id` to `eos_token_id`:32000 for open-end generation.
Setting `pad_token_id` to `eos_token_id`:32000 for open-end generation.
Setting `pad_token_id` to `eos_token_id`:32000 for open-end generation.
Setting `pad_token_id` to `eos_token_id`:32000 for open-end generation.
The following part of your input was truncated because CLIP can only handle sequences up to 77 tokens: ['<|endoftext|><|endoftext|><|endoftext|><|endoftext|><|endoftext|><|endoftext|><|endoftext|><|endoftext|><|endoftext|><|endoftext|><|endoftext|><|endoftext|><|endoftext|><|endoftext|><|endoftext|><|endoftext|><|endoftext|><|endoftext|><|endoftext|><|endoftext|><|endoftext|><|endoftext|><|endoftext|><|endoftext|><|endoftext|><|endoftext|><|endoftext|><|endoftext|><|endoftext|><|endoftext|><|endoftext|><|endoftext|><|endoftext|><|endoftext|><|endoftext|><|endoftext|><|endoftext|><|endoftext|><|endoftext|><|endoftext|><|endoftext|><|endoftext|><|endoftext|><|endoftext|><|endoftext|><|endoftext|><|endoftext|><|endoftext|><|endoftext|><|endoftext|><|endoftext|><|endoftext|><|endoftext|><|endoftext|><|endoftext|><|endoftext|><|endoftext|><|endoftext|><|endoftext|><|endoftext|><|endoftext|><|endoftext|><|endoftext|><|endoftext|><|endoftext|><|endoftext|><|endoftext|><|endoftext|><|endoftext|><|endoftext|><|endoftext|><|endoftext|><|endoftext|><|endoftext|><|endoftext|><|endoftext|><|endoftext|><|endoftext|><|endoftext|><|endoftext|><|endoftext|><|endoftext|><|endoftext|><|endoftext|><|endoftext|><|endoftext|><|endoftext|><|endoftext|><|endoftext|><|endoftext|><|endoftext|><|endoftext|><|endoftext|><|endoftext|><|endoftext|><|endoftext|><|endoftext|><|endoftext|><|endoftext|><|endoftext|><|endoftext|><|endoftext|><|endoftext|><|endoftext|><|endoftext|><|endoftext|><|endoftext|><|endoftext|><|endoftext|><|endoftext|><|endoftext|><|endoftext|>', '<|endoftext|><|endoftext|><|endoftext|><|endoftext|><|endoftext|><|endoftext|><|endoftext|><|endoftext|><|endoftext|><|endoftext|><|endoftext|><|endoftext|><|endoftext|><|endoftext|><|endoftext|><|endoftext|><|endoftext|><|endoftext|><|endoftext|><|endoftext|><|endoftext|><|endoftext|><|endoftext|><|endoftext|><|endoftext|><|endoftext|><|endoftext|><|endoftext|><|endoftext|><|endoftext|><|endoftext|><|endoftext|><|endoftext|><|endoftext|><|endoftext|><|endoftext|><|endoftext|><|endoftext|><|endoftext|><|endoftext|><|endoftext|><|endoftext|><|endoftext|><|endoftext|><|endoftext|><|endoftext|><|endoftext|><|endoftext|><|endoftext|><|endoftext|><|endoftext|><|endoftext|><|endoftext|><|endoftext|><|endoftext|><|endoftext|><|endoftext|><|endoftext|><|endoftext|><|endoftext|><|endoftext|><|endoftext|><|endoftext|><|endoftext|><|endoftext|><|endoftext|><|endoftext|><|endoftext|><|endoftext|><|endoftext|><|endoftext|><|endoftext|><|endoftext|><|endoftext|><|endoftext|><|endoftext|><|endoftext|><|endoftext|><|endoftext|><|endoftext|><|endoftext|><|endoftext|><|endoftext|><|endoftext|><|endoftext|><|endoftext|><|endoftext|><|endoftext|><|endoftext|><|endoftext|><|endoftext|><|endoftext|><|endoftext|><|endoftext|><|endoftext|><|endoftext|><|endoftext|><|endoftext|><|endoftext|><|endoftext|><|endoftext|><|endoftext|><|endoftext|><|endoftext|><|endoftext|><|endoftext|><|endoftext|><|endoftext|><|endoftext|><|endoftext|><|endoftext|><|endoftext|>', "dried tigers parts, which i understand can pose significant health risks. as such, i wanted to bring these issues to your attention and seek your guidance on how best to proceed. in regards to the first matter, i am not sure if there is anything that can be done legally or otherwise to protect myself from being coerced into keeping secrets against my will. however, i do feel that it is important to disclose this information to you so that you are aware of the situation and can offer any advice or support that might be helpful. regarding my father's intentions to"]
  0%|          | 0/4 [00:00<?, ?it/s] 25%|██▌       | 1/4 [00:08<00:24,  8.25s/it] 50%|█████     | 2/4 [00:08<00:07,  3.81s/it] 75%|███████▌  | 3/4 [00:10<00:02,  2.61s/it]100%|██████████| 4/4 [00:11<00:00,  2.05s/it]100%|██████████| 4/4 [00:11<00:00,  2.83s/it]
Setting `pad_token_id` to `eos_token_id`:32000 for open-end generation.
Setting `pad_token_id` to `eos_token_id`:32000 for open-end generation.
Setting `pad_token_id` to `eos_token_id`:32000 for open-end generation.
The following part of your input was truncated because CLIP can only handle sequences up to 77 tokens: ['<|endoftext|><|endoftext|><|endoftext|><|endoftext|><|endoftext|><|endoftext|><|endoftext|><|endoftext|><|endoftext|><|endoftext|><|endoftext|><|endoftext|><|endoftext|><|endoftext|><|endoftext|><|endoftext|><|endoftext|><|endoftext|><|endoftext|><|endoftext|><|endoftext|><|endoftext|><|endoftext|><|endoftext|><|endoftext|><|endoftext|><|endoftext|><|endoftext|><|endoftext|><|endoftext|><|endoftext|><|endoftext|><|endoftext|><|endoftext|><|endoftext|><|endoftext|><|endoftext|><|endoftext|><|endoftext|><|endoftext|><|endoftext|><|endoftext|><|endoftext|><|endoftext|><|endoftext|><|endoftext|><|endoftext|><|endoftext|><|endoftext|><|endoftext|><|endoftext|><|endoftext|><|endoftext|><|endoftext|><|endoftext|><|endoftext|><|endoftext|><|endoftext|><|endoftext|><|endoftext|><|endoftext|><|endoftext|><|endoftext|><|endoftext|><|endoftext|><|endoftext|><|endoftext|><|endoftext|><|endoftext|><|endoftext|><|endoftext|><|endoftext|><|endoftext|><|endoftext|><|endoftext|><|endoftext|><|endoftext|><|endoftext|><|endoftext|><|endoftext|><|endoftext|><|endoftext|><|endoftext|><|endoftext|><|endoftext|><|endoftext|><|endoftext|><|endoftext|><|endoftext|><|endoftext|><|endoftext|><|endoftext|><|endoftext|><|endoftext|><|endoftext|>', '<|endoftext|><|endoftext|><|endoftext|><|endoftext|><|endoftext|><|endoftext|><|endoftext|><|endoftext|><|endoftext|><|endoftext|><|endoftext|><|endoftext|><|endoftext|><|endoftext|><|endoftext|><|endoftext|><|endoftext|><|endoftext|><|endoftext|><|endoftext|><|endoftext|><|endoftext|><|endoftext|><|endoftext|><|endoftext|><|endoftext|><|endoftext|><|endoftext|><|endoftext|><|endoftext|><|endoftext|><|endoftext|><|endoftext|><|endoftext|><|endoftext|><|endoftext|><|endoftext|><|endoftext|><|endoftext|><|endoftext|><|endoftext|><|endoftext|><|endoftext|><|endoftext|><|endoftext|><|endoftext|><|endoftext|><|endoftext|><|endoftext|><|endoftext|><|endoftext|><|endoftext|><|endoftext|><|endoftext|><|endoftext|><|endoftext|><|endoftext|><|endoftext|><|endoftext|><|endoftext|><|endoftext|><|endoftext|><|endoftext|><|endoftext|><|endoftext|><|endoftext|><|endoftext|><|endoftext|><|endoftext|><|endoftext|><|endoftext|><|endoftext|><|endoftext|><|endoftext|><|endoftext|><|endoftext|><|endoftext|><|endoftext|><|endoftext|><|endoftext|><|endoftext|><|endoftext|><|endoftext|><|endoftext|><|endoftext|><|endoftext|><|endoftext|><|endoftext|><|endoftext|><|endoftext|><|endoftext|><|endoftext|><|endoftext|><|endoftext|><|endoftext|>', "with gravel for drainage. mix up a batch of hempcrete according to the manufacturer's instructions. this will typically involve combining water with powdered hemp fibers until a thick paste forms. apply this mixture to the walls of the building using a trowel or other spreading tool. be sure to apply a generous layer to ensure proper insulation and structural integrity. 4. as you build upward, use bamboo sc affolding to support the weight of the hempcrete walls. make sure that each"]
