running create_multiturn_conv
Detected kernel version 4.18.0, which is below the recommended minimum of 5.5.0; this can cause the process to hang. It is recommended to upgrade the kernel to the minimum version or higher.
/leonardo/home/userexternal/hraj0000/miniconda3/lib/python3.12/site-packages/transformers/tokenization_utils_base.py:1601: FutureWarning: `clean_up_tokenization_spaces` was not set. It will be set to `True` by default. This behavior will be depracted in transformers v4.45, and will be then set to `False` by default. For more details check this issue: https://github.com/huggingface/transformers/issues/31884
  warnings.warn(
loading configuration file cache
loading weights file https://cdn.huggingface.co/unc-nlp/frcnn-vg-finetuned/pytorch_model.bin from cache at /leonardo_scratch/fast/EUHPC_E03_068/.cache/57f6df6abe353be2773f2700159c65615babf39ab5b48114d2b49267672ae10f.77b59256a4cf8343ae0f923246a81489fc8d82f98d082edc2d2037c977c0d9d0
All model checkpoint weights were used when initializing GeneralizedRCNN.

All the weights of GeneralizedRCNN were initialized from the model checkpoint at unc-nlp/frcnn-vg-finetuned.
If your task is similar to the task the model of the checkpoint was trained on, you can already use GeneralizedRCNN for predictions without further training.
Loading checkpoint shards:   0%|          | 0/2 [00:00<?, ?it/s]Loading checkpoint shards:  50%|█████     | 1/2 [00:11<00:11, 11.23s/it]Loading checkpoint shards: 100%|██████████| 2/2 [00:16<00:00,  7.67s/it]Loading checkpoint shards: 100%|██████████| 2/2 [00:16<00:00,  8.20s/it]
Traceback (most recent call last):
  File "<frozen runpy>", line 198, in _run_module_as_main
  File "<frozen runpy>", line 88, in _run_code
  File "/leonardo_work/EUHPC_E03_068/safellm/src/purpleteam/create_multiturn_conv.py", line 302, in <module>
    main()
  File "/leonardo_work/EUHPC_E03_068/safellm/src/purpleteam/create_multiturn_conv.py", line 265, in main
    tokenize_with_user_continuation(purpleteam_generative_tokenizer, [])
  File "/leonardo_work/EUHPC_E03_068/safellm/src/purpleteam/utils.py", line 160, in tokenize_with_user_continuation
    return tokenizer.apply_chat_template(messages, tokenize=False)[:-len(tokenizer.user_ending)]
           ^^^^^^^^^^^^^^^^^^^^^^^^^^^^^^^^^^^^^^^^^^^^^^^^^^^^^^^
  File "/leonardo/home/userexternal/hraj0000/miniconda3/lib/python3.12/site-packages/transformers/tokenization_utils_base.py", line 1797, in apply_chat_template
    isinstance(conversation[0], (list, tuple)) or hasattr(conversation[0], "messages")
               ~~~~~~~~~~~~^^^
IndexError: list index out of range
srun: error: lrdn3414: task 0: Exited with exit code 1
